[T 15:31:01 572718] CodeQL CLI version 2.25.4
[T 15:31:01 572718] Initializing tracer.
[T 15:31:01 572718] Initializing tags.
[T 15:31:01 572718] ID set to 000000000008BD2E_0000000000000001 (parent root)
[T 15:31:01 572718] Initializing tracer.
[T 15:31:01 572718] Initializing tags.
[T 15:31:01 572718] ID set to 000000000008BD2E_0000000000000002 (parent root)
[T 15:31:01 572718] Warning: SEMMLE_EXEC and SEMMLE_EXECP not set. Falling back to path lookup on argv[0].
[T 15:31:01 572718] ==== Candidate to intercept: /nix/store/8cdfj1mnxfx3qk63kbbqflzfl95kkd7p-codeql-2.25.4/codeql/tools/linux64/runner-linux (canonical: /nix/store/8cdfj1mnxfx3qk63kbbqflzfl95kkd7p-codeql-2.25.4/codeql/tools/linux64/runner-linux) ====
[T 15:31:01 572718] Lua: === Intercepted call to /nix/store/8cdfj1mnxfx3qk63kbbqflzfl95kkd7p-codeql-2.25.4/codeql/tools/linux64/runner-linux ===
[T 15:31:01 572718] Executing the following tracer actions:
[T 15:31:01 572718] Tracer actions:
[T 15:31:01 572718] pre_invocations(0)
[T 15:31:01 572718] post_invocations(0)
[T 15:31:01 572718] trace_languages(1): [java]
[T 15:31:25 572950] CodeQL CLI version 2.25.4
[T 15:31:25 572950] Initializing tracer.
[T 15:31:25 572950] Initializing tags.
[T 15:31:25 572950] ID set to 000000000008BE16_0000000000000001 (parent root)
[T 15:31:25 572950] Initializing tracer.
[T 15:31:25 572950] Initializing tags.
[T 15:31:25 572950] ID set to 000000000008BE16_0000000000000002 (parent root)
[T 15:31:25 572950] Warning: SEMMLE_EXEC and SEMMLE_EXECP not set. Falling back to path lookup on argv[0].
[T 15:31:25 572950] ==== Candidate to intercept: /nix/store/8cdfj1mnxfx3qk63kbbqflzfl95kkd7p-codeql-2.25.4/codeql/tools/linux64/runner-linux (canonical: /nix/store/8cdfj1mnxfx3qk63kbbqflzfl95kkd7p-codeql-2.25.4/codeql/tools/linux64/runner-linux) ====
[T 15:31:25 572950] Lua: === Intercepted call to /nix/store/8cdfj1mnxfx3qk63kbbqflzfl95kkd7p-codeql-2.25.4/codeql/tools/linux64/runner-linux ===
[T 15:31:25 572950] Executing the following tracer actions:
[T 15:31:25 572950] Tracer actions:
[T 15:31:25 572950] pre_invocations(0)
[T 15:31:25 572950] post_invocations(0)
[T 15:31:25 572950] trace_languages(1): [java]
[T 15:31:25 572950] Initializing tracer.
[T 15:31:25 572950] Initializing tags.
[T 15:31:25 572950] ID set to 000000000008BE16_0000000000000003 (parent 000000000008BE16_0000000000000002)
[T 15:31:25 572950] ==== Candidate to intercept: ./android/gradlew (canonical: /home/nikita/StudioProjects/pam_bio/android/gradlew) ====
[T 15:31:25 572950] Lua: === Intercepted call to /home/nikita/StudioProjects/pam_bio/android/gradlew ===
[T 15:31:25 572950] Executing the following tracer actions:
[T 15:31:25 572950] Tracer actions:
[T 15:31:25 572950] pre_invocations(0)
[T 15:31:25 572950] post_invocations(0)
[T 15:31:25 572950] trace_languages(1): [java]
[T 15:31:25 572954] Initializing tracer.
[T 15:31:25 572954] Initializing tags.
[T 15:31:25 572954] ID set to 000000000008BE1A_0000000000000001 (parent 000000000008BE16_0000000000000003)
[T 15:31:25 572954] ==== Candidate to intercept: /nix/store/gph17gb73p6qbrqqjnypfjj5npf0ldyx-coreutils-9.11/bin/uname (canonical: /nix/store/gph17gb73p6qbrqqjnypfjj5npf0ldyx-coreutils-9.11/bin/coreutils) ====
[T 15:31:25 572954] Lua: === Intercepted call to /nix/store/gph17gb73p6qbrqqjnypfjj5npf0ldyx-coreutils-9.11/bin/coreutils ===
[T 15:31:25 572954] Executing the following tracer actions:
[T 15:31:25 572954] Tracer actions:
[T 15:31:25 572954] pre_invocations(0)
[T 15:31:25 572954] post_invocations(0)
[T 15:31:25 572954] trace_languages(1): [java]
[T 15:31:25 572960] Initializing tracer.
[T 15:31:25 572959] Initializing tracer.
[T 15:31:25 572960] Initializing tags.
[T 15:31:25 572959] Initializing tags.
[T 15:31:25 572960] ID set to 000000000008BE20_0000000000000001 (parent 000000000008BE16_0000000000000003)
[T 15:31:25 572960] ==== Candidate to intercept: /nix/store/svl89366pvzz5s3myh1fjniz9l0x17fh-gnused-4.10/bin/sed (canonical: /nix/store/svl89366pvzz5s3myh1fjniz9l0x17fh-gnused-4.10/bin/sed) ====
[T 15:31:25 572959] ID set to 000000000008BE1F_0000000000000001 (parent 000000000008BE16_0000000000000003)
[T 15:31:25 572959] ==== Candidate to intercept: /nix/store/jwq26byp7q4mxqg3yqqq4vgsabs7yknm-findutils-4.10.0/bin/xargs (canonical: /nix/store/jwq26byp7q4mxqg3yqqq4vgsabs7yknm-findutils-4.10.0/bin/xargs) ====
[T 15:31:25 572960] Lua: === Intercepted call to /nix/store/svl89366pvzz5s3myh1fjniz9l0x17fh-gnused-4.10/bin/sed ===
[T 15:31:25 572960] Executing the following tracer actions:
[T 15:31:25 572960] Tracer actions:
[T 15:31:25 572960] pre_invocations(0)
[T 15:31:25 572960] post_invocations(0)
[T 15:31:25 572960] trace_languages(1): [java]
[T 15:31:25 572961] Initializing tracer.
[T 15:31:25 572961] Initializing tags.
[T 15:31:25 572961] ID set to 000000000008BE21_0000000000000001 (parent 000000000008BE16_0000000000000003)
[T 15:31:25 572959] Lua: === Intercepted call to /nix/store/jwq26byp7q4mxqg3yqqq4vgsabs7yknm-findutils-4.10.0/bin/xargs ===
[T 15:31:25 572961] ==== Candidate to intercept: /nix/store/gph17gb73p6qbrqqjnypfjj5npf0ldyx-coreutils-9.11/bin/tr (canonical: /nix/store/gph17gb73p6qbrqqjnypfjj5npf0ldyx-coreutils-9.11/bin/coreutils) ====
[T 15:31:25 572959] Executing the following tracer actions:
[T 15:31:25 572959] Tracer actions:
[T 15:31:25 572959] pre_invocations(0)
[T 15:31:25 572959] post_invocations(0)
[T 15:31:25 572959] trace_languages(1): [java]
[T 15:31:25 572961] Lua: === Intercepted call to /nix/store/gph17gb73p6qbrqqjnypfjj5npf0ldyx-coreutils-9.11/bin/coreutils ===
[T 15:31:25 572961] Executing the following tracer actions:
[T 15:31:25 572961] Tracer actions:
[T 15:31:25 572961] pre_invocations(0)
[T 15:31:25 572961] post_invocations(0)
[T 15:31:25 572961] trace_languages(1): [java]
[T 15:31:25 572962] Initializing tracer.
[T 15:31:25 572962] Initializing tags.
[T 15:31:25 572962] ID set to 000000000008BE22_0000000000000001 (parent 000000000008BE1F_0000000000000001)
[T 15:31:25 572962] ==== Candidate to intercept: /nix/store/gph17gb73p6qbrqqjnypfjj5npf0ldyx-coreutils-9.11/bin/echo (canonical: /nix/store/gph17gb73p6qbrqqjnypfjj5npf0ldyx-coreutils-9.11/bin/coreutils) ====
[T 15:31:25 572962] Lua: === Intercepted call to /nix/store/gph17gb73p6qbrqqjnypfjj5npf0ldyx-coreutils-9.11/bin/coreutils ===
[T 15:31:25 572962] Executing the following tracer actions:
[T 15:31:25 572962] Tracer actions:
[T 15:31:25 572962] pre_invocations(0)
[T 15:31:25 572962] post_invocations(0)
[T 15:31:25 572962] trace_languages(1): [java]
[T 15:31:25 572963] Initializing tracer.
[T 15:31:25 572963] Initializing tags.
[T 15:31:25 572963] ID set to 000000000008BE23_0000000000000001 (parent 000000000008BE1F_0000000000000001)
[T 15:31:25 572963] ==== Candidate to intercept: /nix/store/gph17gb73p6qbrqqjnypfjj5npf0ldyx-coreutils-9.11/bin/echo (canonical: /nix/store/gph17gb73p6qbrqqjnypfjj5npf0ldyx-coreutils-9.11/bin/coreutils) ====
[T 15:31:25 572963] Lua: === Intercepted call to /nix/store/gph17gb73p6qbrqqjnypfjj5npf0ldyx-coreutils-9.11/bin/coreutils ===
[T 15:31:25 572963] Executing the following tracer actions:
[T 15:31:25 572963] Tracer actions:
[T 15:31:25 572963] pre_invocations(0)
[T 15:31:25 572963] post_invocations(0)
[T 15:31:25 572963] trace_languages(1): [java]
[T 15:31:25 572950] Initializing tracer.
[T 15:31:25 572950] Initializing tags.
[T 15:31:25 572950] ID set to 000000000008BE16_0000000000000004 (parent 000000000008BE16_0000000000000003)
[T 15:31:25 572950] ==== Candidate to intercept: /run/current-system/sw/bin/java (canonical: /nix/store/rrpczn74jq86pdc6zb8lv2j3jzmzvlkj-openjdk-8u504-b01/lib/openjdk/bin/java) ====
[T 15:31:25 572950] Lua: === Intercepted call to /nix/store/rrpczn74jq86pdc6zb8lv2j3jzmzvlkj-openjdk-8u504-b01/lib/openjdk/bin/java ===
[T 15:31:25 572950] Executing the following tracer actions:
[T 15:31:25 572950] Tracer actions:
[T 15:31:25 572950] pre_invocations(0)
[T 15:31:25 572950] post_invocations(0)
[T 15:31:25 572950] trace_languages(1): [java]
[T 15:31:25 572950] Passing through -javaagent:/nix/store/8cdfj1mnxfx3qk63kbbqflzfl95kkd7p-codeql-2.25.4/codeql/java/tools/codeql-java-agent.jar=ignore-project,java,kotlin to underlying JVM.
[T 15:31:25 572950] Passing through -Xbootclasspath/a:/nix/store/8cdfj1mnxfx3qk63kbbqflzfl95kkd7p-codeql-2.25.4/codeql/java/tools/codeql-java-agent.jar to underlying JVM.
[T 15:31:25 572950] Intercepted JVM creation with extra hidden args: ['-javaagent:/nix/store/8cdfj1mnxfx3qk63kbbqflzfl95kkd7p-codeql-2.25.4/codeql/java/tools/codeql-java-agent.jar=ignore-project,java,kotlin' '-Xbootclasspath/a:/nix/store/8cdfj1mnxfx3qk63kbbqflzfl95kkd7p-codeql-2.25.4/codeql/java/tools/codeql-java-agent.jar' ] (result: 1, 0).
[T 15:31:30 573121] Initializing tracer.
[T 15:31:30 573121] Initializing tags.
[T 15:31:30 573121] ID set to 000000000008BEC1_0000000000000001 (parent 000000000008BE16_0000000000000003)
[T 15:31:30 573121] Warning: SEMMLE_EXEC and SEMMLE_EXECP not set. Falling back to path lookup on argv[0].
[T 15:31:30 573121] ==== Candidate to intercept: /home/nikita/.gradle/jdks/eclipse_adoptium-21-amd64-linux.2/lib/jspawnhelper (canonical: /home/nikita/.gradle/jdks/eclipse_adoptium-21-amd64-linux.2/lib/jspawnhelper) ====
[T 15:31:30 573121] Lua: === Intercepted call to /home/nikita/.gradle/jdks/eclipse_adoptium-21-amd64-linux.2/lib/jspawnhelper ===
[T 15:31:30 573121] Executing the following tracer actions:
[T 15:31:30 573121] Tracer actions:
[T 15:31:30 573121] pre_invocations(0)
[T 15:31:30 573121] post_invocations(0)
[T 15:31:30 573121] trace_languages(1): [java]
[T 15:31:30 573121] Initializing tracer.
[T 15:31:30 573121] Initializing tags.
[T 15:31:30 573121] ID set to 000000000008BEC1_0000000000000002 (parent 000000000008BEC1_0000000000000001)
[T 15:31:30 573121] ==== Candidate to intercept: /home/nikita/.gradle/caches/9.4.1/transforms/cc4167c38d0b19d91e64cb9c018861b5/transformed/aapt2-9.2.1-15009934-linux/aapt2 (canonical: /home/nikita/.gradle/caches/9.4.1/transforms/cc4167c38d0b19d91e64cb9c018861b5/transformed/aapt2-9.2.1-15009934-linux/aapt2) ====
[T 15:31:30 573121] Lua: === Intercepted call to /home/nikita/.gradle/caches/9.4.1/transforms/cc4167c38d0b19d91e64cb9c018861b5/transformed/aapt2-9.2.1-15009934-linux/aapt2 ===
[T 15:31:30 573121] Executing the following tracer actions:
[T 15:31:30 573121] Tracer actions:
[T 15:31:30 573121] pre_invocations(0)
[T 15:31:30 573121] post_invocations(0)
[T 15:31:30 573121] trace_languages(1): [java]
[T 15:31:30 573128] Initializing tracer.
[T 15:31:30 573128] Initializing tags.
[T 15:31:30 573128] ID set to 000000000008BEC8_0000000000000001 (parent 000000000008BE16_0000000000000003)
[T 15:31:30 573128] Warning: SEMMLE_EXEC and SEMMLE_EXECP not set. Falling back to path lookup on argv[0].
[T 15:31:30 573128] ==== Candidate to intercept: /home/nikita/.gradle/jdks/eclipse_adoptium-21-amd64-linux.2/lib/jspawnhelper (canonical: /home/nikita/.gradle/jdks/eclipse_adoptium-21-amd64-linux.2/lib/jspawnhelper) ====
[T 15:31:30 573128] Lua: === Intercepted call to /home/nikita/.gradle/jdks/eclipse_adoptium-21-amd64-linux.2/lib/jspawnhelper ===
[T 15:31:30 573128] Executing the following tracer actions:
[T 15:31:30 573128] Tracer actions:
[T 15:31:30 573128] pre_invocations(0)
[T 15:31:30 573128] post_invocations(0)
[T 15:31:30 573128] trace_languages(1): [java]
[T 15:31:30 573138] Initializing tracer.
[T 15:31:30 573138] Initializing tags.
[T 15:31:30 573138] ID set to 000000000008BED2_0000000000000001 (parent 000000000008BE16_0000000000000003)
[T 15:31:30 573138] Warning: SEMMLE_EXEC and SEMMLE_EXECP not set. Falling back to path lookup on argv[0].
[T 15:31:30 573138] ==== Candidate to intercept: /home/nikita/.gradle/jdks/eclipse_adoptium-21-amd64-linux.2/lib/jspawnhelper (canonical: /home/nikita/.gradle/jdks/eclipse_adoptium-21-amd64-linux.2/lib/jspawnhelper) ====
[T 15:31:30 573138] Lua: === Intercepted call to /home/nikita/.gradle/jdks/eclipse_adoptium-21-amd64-linux.2/lib/jspawnhelper ===
[T 15:31:30 573138] Executing the following tracer actions:
[T 15:31:30 573138] Tracer actions:
[T 15:31:30 573138] pre_invocations(0)
[T 15:31:30 573138] post_invocations(0)
[T 15:31:30 573138] trace_languages(1): [java]
[T 15:31:30 573141] Initializing tracer.
[T 15:31:30 573141] Initializing tags.
[T 15:31:30 573141] ID set to 000000000008BED5_0000000000000001 (parent 000000000008BE16_0000000000000003)
[T 15:31:30 573141] Warning: SEMMLE_EXEC and SEMMLE_EXECP not set. Falling back to path lookup on argv[0].
[T 15:31:30 573141] ==== Candidate to intercept: /home/nikita/.gradle/jdks/eclipse_adoptium-21-amd64-linux.2/lib/jspawnhelper (canonical: /home/nikita/.gradle/jdks/eclipse_adoptium-21-amd64-linux.2/lib/jspawnhelper) ====
[T 15:31:30 573141] Lua: === Intercepted call to /home/nikita/.gradle/jdks/eclipse_adoptium-21-amd64-linux.2/lib/jspawnhelper ===
[T 15:31:30 573141] Executing the following tracer actions:
[T 15:31:30 573141] Tracer actions:
[T 15:31:30 573141] pre_invocations(0)
[T 15:31:30 573141] post_invocations(0)
[T 15:31:30 573141] trace_languages(1): [java]
[T 15:31:30 573128] Initializing tracer.
[T 15:31:30 573128] Initializing tags.
[T 15:31:30 573128] ID set to 000000000008BEC8_0000000000000002 (parent 000000000008BEC8_0000000000000001)
[T 15:31:30 573128] ==== Candidate to intercept: /home/nikita/Android/Sdk/ndk/28.2.13676358/toolchains/llvm/prebuilt/linux-x86_64/bin/llvm-strip (canonical: /home/nikita/Android/Sdk/ndk/28.2.13676358/toolchains/llvm/prebuilt/linux-x86_64/bin/llvm-objcopy) ====
[T 15:31:30 573128] Lua: === Intercepted call to /home/nikita/Android/Sdk/ndk/28.2.13676358/toolchains/llvm/prebuilt/linux-x86_64/bin/llvm-objcopy ===
[T 15:31:30 573128] Executing the following tracer actions:
[T 15:31:30 573128] Tracer actions:
[T 15:31:30 573128] pre_invocations(0)
[T 15:31:30 573128] post_invocations(0)
[T 15:31:30 573128] trace_languages(1): [java]
[T 15:31:30 573138] Initializing tracer.
[T 15:31:30 573138] Initializing tags.
[T 15:31:30 573138] ID set to 000000000008BED2_0000000000000002 (parent 000000000008BED2_0000000000000001)
[T 15:31:30 573138] ==== Candidate to intercept: /home/nikita/Android/Sdk/ndk/28.2.13676358/toolchains/llvm/prebuilt/linux-x86_64/bin/llvm-strip (canonical: /home/nikita/Android/Sdk/ndk/28.2.13676358/toolchains/llvm/prebuilt/linux-x86_64/bin/llvm-objcopy) ====
[T 15:31:30 573138] Lua: === Intercepted call to /home/nikita/Android/Sdk/ndk/28.2.13676358/toolchains/llvm/prebuilt/linux-x86_64/bin/llvm-objcopy ===
[T 15:31:30 573138] Executing the following tracer actions:
[T 15:31:30 573138] Tracer actions:
[T 15:31:30 573138] pre_invocations(0)
[T 15:31:30 573138] post_invocations(0)
[T 15:31:30 573138] trace_languages(1): [java]
[T 15:31:30 573144] Initializing tracer.
[T 15:31:30 573144] Initializing tags.
[T 15:31:30 573144] ID set to 000000000008BED8_0000000000000001 (parent 000000000008BE16_0000000000000003)
[T 15:31:30 573144] Warning: SEMMLE_EXEC and SEMMLE_EXECP not set. Falling back to path lookup on argv[0].
[T 15:31:30 573144] ==== Candidate to intercept: /home/nikita/.gradle/jdks/eclipse_adoptium-21-amd64-linux.2/lib/jspawnhelper (canonical: /home/nikita/.gradle/jdks/eclipse_adoptium-21-amd64-linux.2/lib/jspawnhelper) ====
[T 15:31:30 573144] Lua: === Intercepted call to /home/nikita/.gradle/jdks/eclipse_adoptium-21-amd64-linux.2/lib/jspawnhelper ===
[T 15:31:30 573141] Initializing tracer.
[T 15:31:30 573141] Initializing tags.
[T 15:31:30 573141] ID set to 000000000008BED5_0000000000000002 (parent 000000000008BED5_0000000000000001)
[T 15:31:30 573141] ==== Candidate to intercept: /home/nikita/Android/Sdk/ndk/28.2.13676358/toolchains/llvm/prebuilt/linux-x86_64/bin/llvm-strip (canonical: /home/nikita/Android/Sdk/ndk/28.2.13676358/toolchains/llvm/prebuilt/linux-x86_64/bin/llvm-objcopy) ====
[T 15:31:30 573144] Executing the following tracer actions:
[T 15:31:30 573144] Tracer actions:
[T 15:31:30 573144] pre_invocations(0)
[T 15:31:30 573144] post_invocations(0)
[T 15:31:30 573144] trace_languages(1): [java]
[T 15:31:30 573141] Lua: === Intercepted call to /home/nikita/Android/Sdk/ndk/28.2.13676358/toolchains/llvm/prebuilt/linux-x86_64/bin/llvm-objcopy ===
[T 15:31:30 573141] Executing the following tracer actions:
[T 15:31:30 573141] Tracer actions:
[T 15:31:30 573141] pre_invocations(0)
[T 15:31:30 573141] post_invocations(0)
[T 15:31:30 573141] trace_languages(1): [java]
[T 15:31:30 573145] Initializing tracer.
[T 15:31:30 573145] Initializing tags.
[T 15:31:30 573144] Initializing tracer.
[T 15:31:30 573144] Initializing tags.
[T 15:31:30 573145] ID set to 000000000008BED9_0000000000000001 (parent 000000000008BE16_0000000000000003)
[T 15:31:30 573145] Warning: SEMMLE_EXEC and SEMMLE_EXECP not set. Falling back to path lookup on argv[0].
[T 15:31:30 573145] ==== Candidate to intercept: /home/nikita/.gradle/jdks/eclipse_adoptium-21-amd64-linux.2/lib/jspawnhelper (canonical: /home/nikita/.gradle/jdks/eclipse_adoptium-21-amd64-linux.2/lib/jspawnhelper) ====
[T 15:31:30 573145] Lua: === Intercepted call to /home/nikita/.gradle/jdks/eclipse_adoptium-21-amd64-linux.2/lib/jspawnhelper ===
[T 15:31:30 573145] Executing the following tracer actions:
[T 15:31:30 573145] Tracer actions:
[T 15:31:30 573145] pre_invocations(0)
[T 15:31:30 573145] post_invocations(0)
[T 15:31:30 573145] trace_languages(1): [java]
[T 15:31:30 573144] ID set to 000000000008BED8_0000000000000002 (parent 000000000008BED8_0000000000000001)
[T 15:31:30 573144] ==== Candidate to intercept: /home/nikita/Android/Sdk/ndk/28.2.13676358/toolchains/llvm/prebuilt/linux-x86_64/bin/llvm-strip (canonical: /home/nikita/Android/Sdk/ndk/28.2.13676358/toolchains/llvm/prebuilt/linux-x86_64/bin/llvm-objcopy) ====
[T 15:31:30 573144] Lua: === Intercepted call to /home/nikita/Android/Sdk/ndk/28.2.13676358/toolchains/llvm/prebuilt/linux-x86_64/bin/llvm-objcopy ===
[T 15:31:30 573144] Executing the following tracer actions:
[T 15:31:30 573144] Tracer actions:
[T 15:31:30 573144] pre_invocations(0)
[T 15:31:30 573144] post_invocations(0)
[T 15:31:30 573144] trace_languages(1): [java]
[T 15:31:30 573145] Initializing tracer.
[T 15:31:30 573145] Initializing tags.
[T 15:31:30 573145] ID set to 000000000008BED9_0000000000000002 (parent 000000000008BED9_0000000000000001)
[T 15:31:30 573145] ==== Candidate to intercept: /home/nikita/Android/Sdk/ndk/28.2.13676358/toolchains/llvm/prebuilt/linux-x86_64/bin/llvm-strip (canonical: /home/nikita/Android/Sdk/ndk/28.2.13676358/toolchains/llvm/prebuilt/linux-x86_64/bin/llvm-objcopy) ====
[T 15:31:30 573145] Lua: === Intercepted call to /home/nikita/Android/Sdk/ndk/28.2.13676358/toolchains/llvm/prebuilt/linux-x86_64/bin/llvm-objcopy ===
[T 15:31:30 573145] Executing the following tracer actions:
[T 15:31:30 573145] Tracer actions:
[T 15:31:30 573145] pre_invocations(0)
[T 15:31:30 573145] post_invocations(0)
[T 15:31:30 573145] trace_languages(1): [java]
[T 15:31:30 573146] Initializing tracer.
[T 15:31:30 573146] Initializing tags.
[T 15:31:30 573146] ID set to 000000000008BEDA_0000000000000001 (parent 000000000008BE16_0000000000000003)
[T 15:31:30 573146] Warning: SEMMLE_EXEC and SEMMLE_EXECP not set. Falling back to path lookup on argv[0].
[T 15:31:30 573146] ==== Candidate to intercept: /home/nikita/.gradle/jdks/eclipse_adoptium-21-amd64-linux.2/lib/jspawnhelper (canonical: /home/nikita/.gradle/jdks/eclipse_adoptium-21-amd64-linux.2/lib/jspawnhelper) ====
[T 15:31:30 573146] Lua: === Intercepted call to /home/nikita/.gradle/jdks/eclipse_adoptium-21-amd64-linux.2/lib/jspawnhelper ===
[T 15:31:30 573146] Executing the following tracer actions:
[T 15:31:30 573146] Tracer actions:
[T 15:31:30 573146] pre_invocations(0)
[T 15:31:30 573146] post_invocations(0)
[T 15:31:30 573146] trace_languages(1): [java]
[T 15:31:30 573147] Initializing tracer.
[T 15:31:30 573147] Initializing tags.
[T 15:31:30 573146] Initializing tracer.
[T 15:31:30 573146] Initializing tags.
[T 15:31:30 573147] ID set to 000000000008BEDB_0000000000000001 (parent 000000000008BE16_0000000000000003)
[T 15:31:30 573147] Warning: SEMMLE_EXEC and SEMMLE_EXECP not set. Falling back to path lookup on argv[0].
[T 15:31:30 573147] ==== Candidate to intercept: /home/nikita/.gradle/jdks/eclipse_adoptium-21-amd64-linux.2/lib/jspawnhelper (canonical: /home/nikita/.gradle/jdks/eclipse_adoptium-21-amd64-linux.2/lib/jspawnhelper) ====
[T 15:31:30 573146] ID set to 000000000008BEDA_0000000000000002 (parent 000000000008BEDA_0000000000000001)
[T 15:31:30 573146] ==== Candidate to intercept: /home/nikita/Android/Sdk/ndk/28.2.13676358/toolchains/llvm/prebuilt/linux-x86_64/bin/llvm-strip (canonical: /home/nikita/Android/Sdk/ndk/28.2.13676358/toolchains/llvm/prebuilt/linux-x86_64/bin/llvm-objcopy) ====
[T 15:31:30 573147] Lua: === Intercepted call to /home/nikita/.gradle/jdks/eclipse_adoptium-21-amd64-linux.2/lib/jspawnhelper ===
[T 15:31:30 573147] Executing the following tracer actions:
[T 15:31:30 573147] Tracer actions:
[T 15:31:30 573147] pre_invocations(0)
[T 15:31:30 573147] post_invocations(0)
[T 15:31:30 573147] trace_languages(1): [java]
[T 15:31:30 573146] Lua: === Intercepted call to /home/nikita/Android/Sdk/ndk/28.2.13676358/toolchains/llvm/prebuilt/linux-x86_64/bin/llvm-objcopy ===
[T 15:31:30 573146] Executing the following tracer actions:
[T 15:31:30 573146] Tracer actions:
[T 15:31:30 573146] pre_invocations(0)
[T 15:31:30 573146] post_invocations(0)
[T 15:31:30 573146] trace_languages(1): [java]
[T 15:31:30 573147] Initializing tracer.
[T 15:31:30 573147] Initializing tags.
[T 15:31:30 573147] ID set to 000000000008BEDB_0000000000000002 (parent 000000000008BEDB_0000000000000001)
[T 15:31:30 573147] ==== Candidate to intercept: /home/nikita/Android/Sdk/ndk/28.2.13676358/toolchains/llvm/prebuilt/linux-x86_64/bin/llvm-strip (canonical: /home/nikita/Android/Sdk/ndk/28.2.13676358/toolchains/llvm/prebuilt/linux-x86_64/bin/llvm-objcopy) ====
[T 15:31:30 573147] Lua: === Intercepted call to /home/nikita/Android/Sdk/ndk/28.2.13676358/toolchains/llvm/prebuilt/linux-x86_64/bin/llvm-objcopy ===
[T 15:31:30 573147] Executing the following tracer actions:
[T 15:31:30 573147] Tracer actions:
[T 15:31:30 573147] pre_invocations(0)
[T 15:31:30 573147] post_invocations(0)
[T 15:31:30 573147] trace_languages(1): [java]
[T 15:31:30 573148] Initializing tracer.
[T 15:31:30 573148] Initializing tags.
[T 15:31:30 573148] ID set to 000000000008BEDC_0000000000000001 (parent 000000000008BE16_0000000000000003)
[T 15:31:30 573148] Warning: SEMMLE_EXEC and SEMMLE_EXECP not set. Falling back to path lookup on argv[0].
[T 15:31:30 573148] ==== Candidate to intercept: /home/nikita/.gradle/jdks/eclipse_adoptium-21-amd64-linux.2/lib/jspawnhelper (canonical: /home/nikita/.gradle/jdks/eclipse_adoptium-21-amd64-linux.2/lib/jspawnhelper) ====
[T 15:31:30 573148] Lua: === Intercepted call to /home/nikita/.gradle/jdks/eclipse_adoptium-21-amd64-linux.2/lib/jspawnhelper ===
[T 15:31:30 573148] Executing the following tracer actions:
[T 15:31:30 573148] Tracer actions:
[T 15:31:30 573148] pre_invocations(0)
[T 15:31:30 573148] post_invocations(0)
[T 15:31:30 573148] trace_languages(1): [java]
[T 15:31:30 573148] Initializing tracer.
[T 15:31:30 573148] Initializing tags.
[T 15:31:30 573148] ID set to 000000000008BEDC_0000000000000002 (parent 000000000008BEDC_0000000000000001)
[T 15:31:30 573148] ==== Candidate to intercept: /home/nikita/Android/Sdk/ndk/28.2.13676358/toolchains/llvm/prebuilt/linux-x86_64/bin/llvm-strip (canonical: /home/nikita/Android/Sdk/ndk/28.2.13676358/toolchains/llvm/prebuilt/linux-x86_64/bin/llvm-objcopy) ====
[T 15:31:30 573148] Lua: === Intercepted call to /home/nikita/Android/Sdk/ndk/28.2.13676358/toolchains/llvm/prebuilt/linux-x86_64/bin/llvm-objcopy ===
[T 15:31:30 573148] Executing the following tracer actions:
[T 15:31:30 573148] Tracer actions:
[T 15:31:30 573148] pre_invocations(0)
[T 15:31:30 573148] post_invocations(0)
[T 15:31:30 573148] trace_languages(1): [java]
[T 15:31:30 573149] Initializing tracer.
[T 15:31:30 573149] Initializing tags.
[T 15:31:30 573149] ID set to 000000000008BEDD_0000000000000001 (parent 000000000008BE16_0000000000000003)
[T 15:31:30 573149] Warning: SEMMLE_EXEC and SEMMLE_EXECP not set. Falling back to path lookup on argv[0].
[T 15:31:30 573149] ==== Candidate to intercept: /home/nikita/.gradle/jdks/eclipse_adoptium-21-amd64-linux.2/lib/jspawnhelper (canonical: /home/nikita/.gradle/jdks/eclipse_adoptium-21-amd64-linux.2/lib/jspawnhelper) ====
[T 15:31:30 573149] Lua: === Intercepted call to /home/nikita/.gradle/jdks/eclipse_adoptium-21-amd64-linux.2/lib/jspawnhelper ===
[T 15:31:30 573149] Executing the following tracer actions:
[T 15:31:30 573149] Tracer actions:
[T 15:31:30 573149] pre_invocations(0)
[T 15:31:30 573149] post_invocations(0)
[T 15:31:30 573149] trace_languages(1): [java]
[T 15:31:30 573149] Initializing tracer.
[T 15:31:30 573149] Initializing tags.
[T 15:31:30 573149] ID set to 000000000008BEDD_0000000000000002 (parent 000000000008BEDD_0000000000000001)
[T 15:31:30 573149] ==== Candidate to intercept: /home/nikita/Android/Sdk/ndk/28.2.13676358/toolchains/llvm/prebuilt/linux-x86_64/bin/llvm-strip (canonical: /home/nikita/Android/Sdk/ndk/28.2.13676358/toolchains/llvm/prebuilt/linux-x86_64/bin/llvm-objcopy) ====
[T 15:31:30 573149] Lua: === Intercepted call to /home/nikita/Android/Sdk/ndk/28.2.13676358/toolchains/llvm/prebuilt/linux-x86_64/bin/llvm-objcopy ===
[T 15:31:30 573149] Executing the following tracer actions:
[T 15:31:30 573149] Tracer actions:
[T 15:31:30 573149] pre_invocations(0)
[T 15:31:30 573149] post_invocations(0)
[T 15:31:30 573149] trace_languages(1): [java]
[T 15:31:30 573150] Initializing tracer.
[T 15:31:30 573150] Initializing tags.
[T 15:31:30 573150] ID set to 000000000008BEDE_0000000000000001 (parent 000000000008BE16_0000000000000003)
[T 15:31:30 573150] Warning: SEMMLE_EXEC and SEMMLE_EXECP not set. Falling back to path lookup on argv[0].
[T 15:31:30 573150] ==== Candidate to intercept: /home/nikita/.gradle/jdks/eclipse_adoptium-21-amd64-linux.2/lib/jspawnhelper (canonical: /home/nikita/.gradle/jdks/eclipse_adoptium-21-amd64-linux.2/lib/jspawnhelper) ====
[T 15:31:30 573150] Lua: === Intercepted call to /home/nikita/.gradle/jdks/eclipse_adoptium-21-amd64-linux.2/lib/jspawnhelper ===
[T 15:31:30 573150] Executing the following tracer actions:
[T 15:31:30 573150] Tracer actions:
[T 15:31:30 573150] pre_invocations(0)
[T 15:31:30 573150] post_invocations(0)
[T 15:31:30 573150] trace_languages(1): [java]
[T 15:31:30 573150] Initializing tracer.
[T 15:31:30 573150] Initializing tags.
[T 15:31:30 573150] ID set to 000000000008BEDE_0000000000000002 (parent 000000000008BEDE_0000000000000001)
[T 15:31:30 573150] ==== Candidate to intercept: /home/nikita/Android/Sdk/ndk/28.2.13676358/toolchains/llvm/prebuilt/linux-x86_64/bin/llvm-strip (canonical: /home/nikita/Android/Sdk/ndk/28.2.13676358/toolchains/llvm/prebuilt/linux-x86_64/bin/llvm-objcopy) ====
[T 15:31:30 573150] Lua: === Intercepted call to /home/nikita/Android/Sdk/ndk/28.2.13676358/toolchains/llvm/prebuilt/linux-x86_64/bin/llvm-objcopy ===
[T 15:31:30 573150] Executing the following tracer actions:
[T 15:31:30 573150] Tracer actions:
[T 15:31:30 573150] pre_invocations(0)
[T 15:31:30 573150] post_invocations(0)
[T 15:31:30 573150] trace_languages(1): [java]
[T 15:31:30 573151] Initializing tracer.
[T 15:31:30 573151] Initializing tags.
[T 15:31:30 573151] ID set to 000000000008BEDF_0000000000000001 (parent 000000000008BE16_0000000000000003)
[T 15:31:30 573151] Warning: SEMMLE_EXEC and SEMMLE_EXECP not set. Falling back to path lookup on argv[0].
[T 15:31:30 573151] ==== Candidate to intercept: /home/nikita/.gradle/jdks/eclipse_adoptium-21-amd64-linux.2/lib/jspawnhelper (canonical: /home/nikita/.gradle/jdks/eclipse_adoptium-21-amd64-linux.2/lib/jspawnhelper) ====
[T 15:31:30 573151] Lua: === Intercepted call to /home/nikita/.gradle/jdks/eclipse_adoptium-21-amd64-linux.2/lib/jspawnhelper ===
[T 15:31:30 573151] Executing the following tracer actions:
[T 15:31:30 573151] Tracer actions:
[T 15:31:30 573151] pre_invocations(0)
[T 15:31:30 573151] post_invocations(0)
[T 15:31:30 573151] trace_languages(1): [java]
[T 15:31:30 573151] Initializing tracer.
[T 15:31:30 573151] Initializing tags.
[T 15:31:30 573151] ID set to 000000000008BEDF_0000000000000002 (parent 000000000008BEDF_0000000000000001)
[T 15:31:30 573151] ==== Candidate to intercept: /home/nikita/Android/Sdk/ndk/28.2.13676358/toolchains/llvm/prebuilt/linux-x86_64/bin/llvm-strip (canonical: /home/nikita/Android/Sdk/ndk/28.2.13676358/toolchains/llvm/prebuilt/linux-x86_64/bin/llvm-objcopy) ====
[T 15:31:30 573151] Lua: === Intercepted call to /home/nikita/Android/Sdk/ndk/28.2.13676358/toolchains/llvm/prebuilt/linux-x86_64/bin/llvm-objcopy ===
[T 15:31:30 573151] Executing the following tracer actions:
[T 15:31:30 573151] Tracer actions:
[T 15:31:30 573151] pre_invocations(0)
[T 15:31:30 573151] post_invocations(0)
[T 15:31:30 573151] trace_languages(1): [java]
[T 15:31:30 573152] Initializing tracer.
[T 15:31:30 573152] Initializing tags.
[T 15:31:30 573152] ID set to 000000000008BEE0_0000000000000001 (parent 000000000008BE16_0000000000000003)
[T 15:31:30 573152] Warning: SEMMLE_EXEC and SEMMLE_EXECP not set. Falling back to path lookup on argv[0].
[T 15:31:30 573152] ==== Candidate to intercept: /home/nikita/.gradle/jdks/eclipse_adoptium-21-amd64-linux.2/lib/jspawnhelper (canonical: /home/nikita/.gradle/jdks/eclipse_adoptium-21-amd64-linux.2/lib/jspawnhelper) ====
[T 15:31:30 573152] Lua: === Intercepted call to /home/nikita/.gradle/jdks/eclipse_adoptium-21-amd64-linux.2/lib/jspawnhelper ===
[T 15:31:30 573152] Executing the following tracer actions:
[T 15:31:30 573152] Tracer actions:
[T 15:31:30 573152] pre_invocations(0)
[T 15:31:30 573152] post_invocations(0)
[T 15:31:30 573152] trace_languages(1): [java]
[T 15:31:30 573152] Initializing tracer.
[T 15:31:30 573152] Initializing tags.
[T 15:31:30 573153] Initializing tracer.
[T 15:31:30 573153] Initializing tags.
[T 15:31:30 573152] ID set to 000000000008BEE0_0000000000000002 (parent 000000000008BEE0_0000000000000001)
[T 15:31:30 573152] ==== Candidate to intercept: /home/nikita/Android/Sdk/ndk/28.2.13676358/toolchains/llvm/prebuilt/linux-x86_64/bin/llvm-strip (canonical: /home/nikita/Android/Sdk/ndk/28.2.13676358/toolchains/llvm/prebuilt/linux-x86_64/bin/llvm-objcopy) ====
[T 15:31:30 573153] ID set to 000000000008BEE1_0000000000000001 (parent 000000000008BE16_0000000000000003)
[T 15:31:30 573153] Warning: SEMMLE_EXEC and SEMMLE_EXECP not set. Falling back to path lookup on argv[0].
[T 15:31:30 573153] ==== Candidate to intercept: /home/nikita/.gradle/jdks/eclipse_adoptium-21-amd64-linux.2/lib/jspawnhelper (canonical: /home/nikita/.gradle/jdks/eclipse_adoptium-21-amd64-linux.2/lib/jspawnhelper) ====
[T 15:31:30 573152] Lua: === Intercepted call to /home/nikita/Android/Sdk/ndk/28.2.13676358/toolchains/llvm/prebuilt/linux-x86_64/bin/llvm-objcopy ===
[T 15:31:30 573152] Executing the following tracer actions:
[T 15:31:30 573152] Tracer actions:
[T 15:31:30 573152] pre_invocations(0)
[T 15:31:30 573152] post_invocations(0)
[T 15:31:30 573152] trace_languages(1): [java]
[T 15:31:30 573153] Lua: === Intercepted call to /home/nikita/.gradle/jdks/eclipse_adoptium-21-amd64-linux.2/lib/jspawnhelper ===
[T 15:31:30 573153] Executing the following tracer actions:
[T 15:31:30 573153] Tracer actions:
[T 15:31:30 573153] pre_invocations(0)
[T 15:31:30 573153] post_invocations(0)
[T 15:31:30 573153] trace_languages(1): [java]
[T 15:31:30 573154] Initializing tracer.
[T 15:31:30 573154] Initializing tags.
[T 15:31:30 573154] ID set to 000000000008BEE2_0000000000000001 (parent 000000000008BE16_0000000000000003)
[T 15:31:30 573154] Warning: SEMMLE_EXEC and SEMMLE_EXECP not set. Falling back to path lookup on argv[0].
[T 15:31:30 573154] ==== Candidate to intercept: /home/nikita/.gradle/jdks/eclipse_adoptium-21-amd64-linux.2/lib/jspawnhelper (canonical: /home/nikita/.gradle/jdks/eclipse_adoptium-21-amd64-linux.2/lib/jspawnhelper) ====
[T 15:31:30 573154] Lua: === Intercepted call to /home/nikita/.gradle/jdks/eclipse_adoptium-21-amd64-linux.2/lib/jspawnhelper ===
[T 15:31:30 573154] Executing the following tracer actions:
[T 15:31:30 573154] Tracer actions:
[T 15:31:30 573154] pre_invocations(0)
[T 15:31:30 573154] post_invocations(0)
[T 15:31:30 573154] trace_languages(1): [java]
[T 15:31:30 573153] Initializing tracer.
[T 15:31:30 573153] Initializing tags.
[T 15:31:30 573153] ID set to 000000000008BEE1_0000000000000002 (parent 000000000008BEE1_0000000000000001)
[T 15:31:30 573153] ==== Candidate to intercept: /home/nikita/Android/Sdk/ndk/28.2.13676358/toolchains/llvm/prebuilt/linux-x86_64/bin/llvm-strip (canonical: /home/nikita/Android/Sdk/ndk/28.2.13676358/toolchains/llvm/prebuilt/linux-x86_64/bin/llvm-objcopy) ====
[T 15:31:30 573153] Lua: === Intercepted call to /home/nikita/Android/Sdk/ndk/28.2.13676358/toolchains/llvm/prebuilt/linux-x86_64/bin/llvm-objcopy ===
[T 15:31:30 573153] Executing the following tracer actions:
[T 15:31:30 573153] Tracer actions:
[T 15:31:30 573153] pre_invocations(0)
[T 15:31:30 573153] post_invocations(0)
[T 15:31:30 573153] trace_languages(1): [java]
[T 15:31:30 573155] Initializing tracer.
[T 15:31:30 573155] Initializing tags.
[T 15:31:30 573155] ID set to 000000000008BEE3_0000000000000001 (parent 000000000008BE16_0000000000000003)
[T 15:31:30 573155] Warning: SEMMLE_EXEC and SEMMLE_EXECP not set. Falling back to path lookup on argv[0].
[T 15:31:30 573155] ==== Candidate to intercept: /home/nikita/.gradle/jdks/eclipse_adoptium-21-amd64-linux.2/lib/jspawnhelper (canonical: /home/nikita/.gradle/jdks/eclipse_adoptium-21-amd64-linux.2/lib/jspawnhelper) ====
[T 15:31:30 573155] Lua: === Intercepted call to /home/nikita/.gradle/jdks/eclipse_adoptium-21-amd64-linux.2/lib/jspawnhelper ===
[T 15:31:30 573155] Executing the following tracer actions:
[T 15:31:30 573155] Tracer actions:
[T 15:31:30 573155] pre_invocations(0)
[T 15:31:30 573155] post_invocations(0)
[T 15:31:30 573155] trace_languages(1): [java]
[T 15:31:30 573154] Initializing tracer.
[T 15:31:30 573154] Initializing tags.
[T 15:31:30 573154] ID set to 000000000008BEE2_0000000000000002 (parent 000000000008BEE2_0000000000000001)
[T 15:31:30 573154] ==== Candidate to intercept: /home/nikita/Android/Sdk/ndk/28.2.13676358/toolchains/llvm/prebuilt/linux-x86_64/bin/llvm-strip (canonical: /home/nikita/Android/Sdk/ndk/28.2.13676358/toolchains/llvm/prebuilt/linux-x86_64/bin/llvm-objcopy) ====
[T 15:31:30 573154] Lua: === Intercepted call to /home/nikita/Android/Sdk/ndk/28.2.13676358/toolchains/llvm/prebuilt/linux-x86_64/bin/llvm-objcopy ===
[T 15:31:30 573154] Executing the following tracer actions:
[T 15:31:30 573154] Tracer actions:
[T 15:31:30 573154] pre_invocations(0)
[T 15:31:30 573154] post_invocations(0)
[T 15:31:30 573154] trace_languages(1): [java]
[T 15:31:30 573156] Initializing tracer.
[T 15:31:30 573156] Initializing tags.
[T 15:31:30 573156] ID set to 000000000008BEE4_0000000000000001 (parent 000000000008BE16_0000000000000003)
[T 15:31:30 573156] Warning: SEMMLE_EXEC and SEMMLE_EXECP not set. Falling back to path lookup on argv[0].
[T 15:31:30 573156] ==== Candidate to intercept: /home/nikita/.gradle/jdks/eclipse_adoptium-21-amd64-linux.2/lib/jspawnhelper (canonical: /home/nikita/.gradle/jdks/eclipse_adoptium-21-amd64-linux.2/lib/jspawnhelper) ====
[T 15:31:30 573156] Lua: === Intercepted call to /home/nikita/.gradle/jdks/eclipse_adoptium-21-amd64-linux.2/lib/jspawnhelper ===
[T 15:31:30 573156] Executing the following tracer actions:
[T 15:31:30 573156] Tracer actions:
[T 15:31:30 573156] pre_invocations(0)
[T 15:31:30 573156] post_invocations(0)
[T 15:31:30 573156] trace_languages(1): [java]
[T 15:31:30 573155] Initializing tracer.
[T 15:31:30 573155] Initializing tags.
[T 15:31:30 573155] ID set to 000000000008BEE3_0000000000000002 (parent 000000000008BEE3_0000000000000001)
[T 15:31:30 573155] ==== Candidate to intercept: /home/nikita/Android/Sdk/ndk/28.2.13676358/toolchains/llvm/prebuilt/linux-x86_64/bin/llvm-strip (canonical: /home/nikita/Android/Sdk/ndk/28.2.13676358/toolchains/llvm/prebuilt/linux-x86_64/bin/llvm-objcopy) ====
[T 15:31:30 573155] Lua: === Intercepted call to /home/nikita/Android/Sdk/ndk/28.2.13676358/toolchains/llvm/prebuilt/linux-x86_64/bin/llvm-objcopy ===
[T 15:31:30 573155] Executing the following tracer actions:
[T 15:31:30 573155] Tracer actions:
[T 15:31:30 573155] pre_invocations(0)
[T 15:31:30 573155] post_invocations(0)
[T 15:31:30 573155] trace_languages(1): [java]
[T 15:31:30 573156] Initializing tracer.
[T 15:31:30 573156] Initializing tags.
[T 15:31:30 573156] ID set to 000000000008BEE4_0000000000000002 (parent 000000000008BEE4_0000000000000001)
[T 15:31:30 573156] ==== Candidate to intercept: /home/nikita/Android/Sdk/ndk/28.2.13676358/toolchains/llvm/prebuilt/linux-x86_64/bin/llvm-strip (canonical: /home/nikita/Android/Sdk/ndk/28.2.13676358/toolchains/llvm/prebuilt/linux-x86_64/bin/llvm-objcopy) ====
[T 15:31:30 573156] Lua: === Intercepted call to /home/nikita/Android/Sdk/ndk/28.2.13676358/toolchains/llvm/prebuilt/linux-x86_64/bin/llvm-objcopy ===
[T 15:31:30 573156] Executing the following tracer actions:
[T 15:31:30 573156] Tracer actions:
[T 15:31:30 573156] pre_invocations(0)
[T 15:31:30 573156] post_invocations(0)
[T 15:31:30 573156] trace_languages(1): [java]
[T 15:31:30 573157] Initializing tracer.
[T 15:31:30 573157] Initializing tags.
[T 15:31:30 573157] ID set to 000000000008BEE5_0000000000000001 (parent 000000000008BE16_0000000000000003)
[T 15:31:30 573157] Warning: SEMMLE_EXEC and SEMMLE_EXECP not set. Falling back to path lookup on argv[0].
[T 15:31:30 573157] ==== Candidate to intercept: /home/nikita/.gradle/jdks/eclipse_adoptium-21-amd64-linux.2/lib/jspawnhelper (canonical: /home/nikita/.gradle/jdks/eclipse_adoptium-21-amd64-linux.2/lib/jspawnhelper) ====
[T 15:31:30 573157] Lua: === Intercepted call to /home/nikita/.gradle/jdks/eclipse_adoptium-21-amd64-linux.2/lib/jspawnhelper ===
[T 15:31:30 573157] Executing the following tracer actions:
[T 15:31:30 573157] Tracer actions:
[T 15:31:30 573157] pre_invocations(0)
[T 15:31:30 573157] post_invocations(0)
[T 15:31:30 573157] trace_languages(1): [java]
[T 15:31:30 573157] Initializing tracer.
[T 15:31:30 573157] Initializing tags.
[T 15:31:30 573157] ID set to 000000000008BEE5_0000000000000002 (parent 000000000008BEE5_0000000000000001)
[T 15:31:30 573157] ==== Candidate to intercept: /home/nikita/Android/Sdk/ndk/28.2.13676358/toolchains/llvm/prebuilt/linux-x86_64/bin/llvm-strip (canonical: /home/nikita/Android/Sdk/ndk/28.2.13676358/toolchains/llvm/prebuilt/linux-x86_64/bin/llvm-objcopy) ====
[T 15:31:30 573157] Lua: === Intercepted call to /home/nikita/Android/Sdk/ndk/28.2.13676358/toolchains/llvm/prebuilt/linux-x86_64/bin/llvm-objcopy ===
[T 15:31:30 573158] Initializing tracer.
[T 15:31:30 573158] Initializing tags.
[T 15:31:30 573157] Executing the following tracer actions:
[T 15:31:30 573157] Tracer actions:
[T 15:31:30 573157] pre_invocations(0)
[T 15:31:30 573157] post_invocations(0)
[T 15:31:30 573157] trace_languages(1): [java]
[T 15:31:30 573158] ID set to 000000000008BEE6_0000000000000001 (parent 000000000008BE16_0000000000000003)
[T 15:31:30 573158] Warning: SEMMLE_EXEC and SEMMLE_EXECP not set. Falling back to path lookup on argv[0].
[T 15:31:30 573158] ==== Candidate to intercept: /home/nikita/.gradle/jdks/eclipse_adoptium-21-amd64-linux.2/lib/jspawnhelper (canonical: /home/nikita/.gradle/jdks/eclipse_adoptium-21-amd64-linux.2/lib/jspawnhelper) ====
[T 15:31:30 573158] Lua: === Intercepted call to /home/nikita/.gradle/jdks/eclipse_adoptium-21-amd64-linux.2/lib/jspawnhelper ===
[T 15:31:30 573158] Executing the following tracer actions:
[T 15:31:30 573158] Tracer actions:
[T 15:31:30 573158] pre_invocations(0)
[T 15:31:30 573158] post_invocations(0)
[T 15:31:30 573158] trace_languages(1): [java]
[T 15:31:30 573158] Initializing tracer.
[T 15:31:30 573159] Initializing tracer.
[T 15:31:30 573159] Initializing tags.
[T 15:31:30 573159] ID set to 000000000008BEE7_0000000000000001 (parent 000000000008BE16_0000000000000003)
[T 15:31:30 573159] Warning: SEMMLE_EXEC and SEMMLE_EXECP not set. Falling back to path lookup on argv[0].
[T 15:31:30 573159] ==== Candidate to intercept: /home/nikita/.gradle/jdks/eclipse_adoptium-21-amd64-linux.2/lib/jspawnhelper (canonical: /home/nikita/.gradle/jdks/eclipse_adoptium-21-amd64-linux.2/lib/jspawnhelper) ====
[T 15:31:30 573159] Lua: === Intercepted call to /home/nikita/.gradle/jdks/eclipse_adoptium-21-amd64-linux.2/lib/jspawnhelper ===
[T 15:31:30 573159] Executing the following tracer actions:
[T 15:31:30 573159] Tracer actions:
[T 15:31:30 573159] pre_invocations(0)
[T 15:31:30 573159] post_invocations(0)
[T 15:31:30 573159] trace_languages(1): [java]
[T 15:31:30 573158] Initializing tags.
[T 15:31:30 573158] ID set to 000000000008BEE6_0000000000000002 (parent 000000000008BEE6_0000000000000001)
[T 15:31:30 573158] ==== Candidate to intercept: /home/nikita/Android/Sdk/ndk/28.2.13676358/toolchains/llvm/prebuilt/linux-x86_64/bin/llvm-strip (canonical: /home/nikita/Android/Sdk/ndk/28.2.13676358/toolchains/llvm/prebuilt/linux-x86_64/bin/llvm-objcopy) ====
[T 15:31:30 573158] Lua: === Intercepted call to /home/nikita/Android/Sdk/ndk/28.2.13676358/toolchains/llvm/prebuilt/linux-x86_64/bin/llvm-objcopy ===
[T 15:31:30 573158] Executing the following tracer actions:
[T 15:31:30 573158] Tracer actions:
[T 15:31:30 573158] pre_invocations(0)
[T 15:31:30 573158] post_invocations(0)
[T 15:31:30 573158] trace_languages(1): [java]
[T 15:31:30 573159] Initializing tracer.
[T 15:31:30 573159] Initializing tags.
[T 15:31:30 573159] ID set to 000000000008BEE7_0000000000000002 (parent 000000000008BEE7_0000000000000001)
[T 15:31:30 573159] ==== Candidate to intercept: /home/nikita/Android/Sdk/ndk/28.2.13676358/toolchains/llvm/prebuilt/linux-x86_64/bin/llvm-strip (canonical: /home/nikita/Android/Sdk/ndk/28.2.13676358/toolchains/llvm/prebuilt/linux-x86_64/bin/llvm-objcopy) ====
[T 15:31:30 573159] Lua: === Intercepted call to /home/nikita/Android/Sdk/ndk/28.2.13676358/toolchains/llvm/prebuilt/linux-x86_64/bin/llvm-objcopy ===
[T 15:31:30 573159] Executing the following tracer actions:
[T 15:31:30 573159] Tracer actions:
[T 15:31:30 573159] pre_invocations(0)
[T 15:31:30 573159] post_invocations(0)
[T 15:31:30 573159] trace_languages(1): [java]
[T 15:31:30 573160] Initializing tracer.
[T 15:31:30 573160] Initializing tags.
[T 15:31:30 573160] ID set to 000000000008BEE8_0000000000000001 (parent 000000000008BE16_0000000000000003)
[T 15:31:30 573160] Warning: SEMMLE_EXEC and SEMMLE_EXECP not set. Falling back to path lookup on argv[0].
[T 15:31:30 573160] ==== Candidate to intercept: /home/nikita/.gradle/jdks/eclipse_adoptium-21-amd64-linux.2/lib/jspawnhelper (canonical: /home/nikita/.gradle/jdks/eclipse_adoptium-21-amd64-linux.2/lib/jspawnhelper) ====
[T 15:31:30 573160] Lua: === Intercepted call to /home/nikita/.gradle/jdks/eclipse_adoptium-21-amd64-linux.2/lib/jspawnhelper ===
[T 15:31:30 573160] Executing the following tracer actions:
[T 15:31:30 573160] Tracer actions:
[T 15:31:30 573160] pre_invocations(0)
[T 15:31:30 573160] post_invocations(0)
[T 15:31:30 573160] trace_languages(1): [java]
[T 15:31:30 573160] Initializing tracer.
[T 15:31:30 573160] Initializing tags.
[T 15:31:30 573160] ID set to 000000000008BEE8_0000000000000002 (parent 000000000008BEE8_0000000000000001)
[T 15:31:30 573160] ==== Candidate to intercept: /home/nikita/Android/Sdk/ndk/28.2.13676358/toolchains/llvm/prebuilt/linux-x86_64/bin/llvm-strip (canonical: /home/nikita/Android/Sdk/ndk/28.2.13676358/toolchains/llvm/prebuilt/linux-x86_64/bin/llvm-objcopy) ====
[T 15:31:30 573160] Lua: === Intercepted call to /home/nikita/Android/Sdk/ndk/28.2.13676358/toolchains/llvm/prebuilt/linux-x86_64/bin/llvm-objcopy ===
[T 15:31:30 573160] Executing the following tracer actions:
[T 15:31:30 573160] Tracer actions:
[T 15:31:30 573160] pre_invocations(0)
[T 15:31:30 573160] post_invocations(0)
[T 15:31:30 573160] trace_languages(1): [java]
[T 15:31:30 573161] Initializing tracer.
[T 15:31:30 573161] Initializing tags.
[T 15:31:30 573161] ID set to 000000000008BEE9_0000000000000001 (parent 000000000008BE16_0000000000000003)
[T 15:31:30 573161] Warning: SEMMLE_EXEC and SEMMLE_EXECP not set. Falling back to path lookup on argv[0].
[T 15:31:30 573161] ==== Candidate to intercept: /home/nikita/.gradle/jdks/eclipse_adoptium-21-amd64-linux.2/lib/jspawnhelper (canonical: /home/nikita/.gradle/jdks/eclipse_adoptium-21-amd64-linux.2/lib/jspawnhelper) ====
[T 15:31:30 573162] Initializing tracer.
[T 15:31:30 573162] Initializing tags.
[T 15:31:30 573161] Lua: === Intercepted call to /home/nikita/.gradle/jdks/eclipse_adoptium-21-amd64-linux.2/lib/jspawnhelper ===
[T 15:31:30 573162] ID set to 000000000008BEEA_0000000000000001 (parent 000000000008BE16_0000000000000003)
[T 15:31:30 573162] Warning: SEMMLE_EXEC and SEMMLE_EXECP not set. Falling back to path lookup on argv[0].
[T 15:31:30 573161] Executing the following tracer actions:
[T 15:31:30 573162] ==== Candidate to intercept: /home/nikita/.gradle/jdks/eclipse_adoptium-21-amd64-linux.2/lib/jspawnhelper (canonical: /home/nikita/.gradle/jdks/eclipse_adoptium-21-amd64-linux.2/lib/jspawnhelper) ====
[T 15:31:30 573161] Tracer actions:
[T 15:31:30 573161] pre_invocations(0)
[T 15:31:30 573161] post_invocations(0)
[T 15:31:30 573161] trace_languages(1): [java]
[T 15:31:30 573162] Lua: === Intercepted call to /home/nikita/.gradle/jdks/eclipse_adoptium-21-amd64-linux.2/lib/jspawnhelper ===
[T 15:31:30 573162] Executing the following tracer actions:
[T 15:31:30 573162] Tracer actions:
[T 15:31:30 573162] pre_invocations(0)
[T 15:31:30 573162] post_invocations(0)
[T 15:31:30 573162] trace_languages(1): [java]
[T 15:31:30 573163] Initializing tracer.
[T 15:31:30 573163] Initializing tags.
[T 15:31:30 573163] ID set to 000000000008BEEB_0000000000000001 (parent 000000000008BE16_0000000000000003)
[T 15:31:30 573163] Warning: SEMMLE_EXEC and SEMMLE_EXECP not set. Falling back to path lookup on argv[0].
[T 15:31:30 573163] ==== Candidate to intercept: /home/nikita/.gradle/jdks/eclipse_adoptium-21-amd64-linux.2/lib/jspawnhelper (canonical: /home/nikita/.gradle/jdks/eclipse_adoptium-21-amd64-linux.2/lib/jspawnhelper) ====
[T 15:31:30 573163] Lua: === Intercepted call to /home/nikita/.gradle/jdks/eclipse_adoptium-21-amd64-linux.2/lib/jspawnhelper ===
[T 15:31:30 573163] Executing the following tracer actions:
[T 15:31:30 573163] Tracer actions:
[T 15:31:30 573163] pre_invocations(0)
[T 15:31:30 573163] post_invocations(0)
[T 15:31:30 573163] trace_languages(1): [java]
[T 15:31:30 573161] Initializing tracer.
[T 15:31:30 573161] Initializing tags.
[T 15:31:30 573161] ID set to 000000000008BEE9_0000000000000002 (parent 000000000008BEE9_0000000000000001)
[T 15:31:30 573161] ==== Candidate to intercept: /home/nikita/.gradle/caches/9.4.1/transforms/cc4167c38d0b19d91e64cb9c018861b5/transformed/aapt2-9.2.1-15009934-linux/aapt2 (canonical: /home/nikita/.gradle/caches/9.4.1/transforms/cc4167c38d0b19d91e64cb9c018861b5/transformed/aapt2-9.2.1-15009934-linux/aapt2) ====
[T 15:31:30 573162] Initializing tracer.
[T 15:31:30 573162] Initializing tags.
[T 15:31:30 573161] Lua: === Intercepted call to /home/nikita/.gradle/caches/9.4.1/transforms/cc4167c38d0b19d91e64cb9c018861b5/transformed/aapt2-9.2.1-15009934-linux/aapt2 ===
[T 15:31:30 573162] ID set to 000000000008BEEA_0000000000000002 (parent 000000000008BEEA_0000000000000001)
[T 15:31:30 573161] Executing the following tracer actions:
[T 15:31:30 573161] Tracer actions:
[T 15:31:30 573162] ==== Candidate to intercept: /home/nikita/.gradle/caches/9.4.1/transforms/cc4167c38d0b19d91e64cb9c018861b5/transformed/aapt2-9.2.1-15009934-linux/aapt2 (canonical: /home/nikita/.gradle/caches/9.4.1/transforms/cc4167c38d0b19d91e64cb9c018861b5/transformed/aapt2-9.2.1-15009934-linux/aapt2) ====
[T 15:31:30 573161] pre_invocations(0)
[T 15:31:30 573161] post_invocations(0)
[T 15:31:30 573161] trace_languages(1): [java]
[T 15:31:30 573162] Lua: === Intercepted call to /home/nikita/.gradle/caches/9.4.1/transforms/cc4167c38d0b19d91e64cb9c018861b5/transformed/aapt2-9.2.1-15009934-linux/aapt2 ===
[T 15:31:30 573162] Executing the following tracer actions:
[T 15:31:30 573162] Tracer actions:
[T 15:31:30 573162] pre_invocations(0)
[T 15:31:30 573162] post_invocations(0)
[T 15:31:30 573162] trace_languages(1): [java]
[T 15:31:30 573163] Initializing tracer.
[T 15:31:30 573163] Initializing tags.
[T 15:31:30 573163] ID set to 000000000008BEEB_0000000000000002 (parent 000000000008BEEB_0000000000000001)
[T 15:31:30 573163] ==== Candidate to intercept: /home/nikita/.gradle/caches/9.4.1/transforms/cc4167c38d0b19d91e64cb9c018861b5/transformed/aapt2-9.2.1-15009934-linux/aapt2 (canonical: /home/nikita/.gradle/caches/9.4.1/transforms/cc4167c38d0b19d91e64cb9c018861b5/transformed/aapt2-9.2.1-15009934-linux/aapt2) ====
[T 15:31:30 573163] Lua: === Intercepted call to /home/nikita/.gradle/caches/9.4.1/transforms/cc4167c38d0b19d91e64cb9c018861b5/transformed/aapt2-9.2.1-15009934-linux/aapt2 ===
[T 15:31:30 573163] Executing the following tracer actions:
[T 15:31:30 573163] Tracer actions:
[T 15:31:30 573163] pre_invocations(0)
[T 15:31:30 573163] post_invocations(0)
[T 15:31:30 573163] trace_languages(1): [java]
[T 15:32:07 573450] CodeQL CLI version 2.25.4
[T 15:32:07 573450] Initializing tracer.
[T 15:32:07 573450] Initializing tags.
[T 15:32:07 573450] ID set to 000000000008C00A_0000000000000001 (parent root)
[T 15:32:07 573450] Initializing tracer.
[T 15:32:07 573450] Initializing tags.
[T 15:32:07 573450] ID set to 000000000008C00A_0000000000000002 (parent root)
[T 15:32:07 573450] Warning: SEMMLE_EXEC and SEMMLE_EXECP not set. Falling back to path lookup on argv[0].
[T 15:32:07 573450] ==== Candidate to intercept: /nix/store/8cdfj1mnxfx3qk63kbbqflzfl95kkd7p-codeql-2.25.4/codeql/tools/linux64/runner-linux (canonical: /nix/store/8cdfj1mnxfx3qk63kbbqflzfl95kkd7p-codeql-2.25.4/codeql/tools/linux64/runner-linux) ====
[T 15:32:07 573450] Lua: === Intercepted call to /nix/store/8cdfj1mnxfx3qk63kbbqflzfl95kkd7p-codeql-2.25.4/codeql/tools/linux64/runner-linux ===
[T 15:32:07 573450] Executing the following tracer actions:
[T 15:32:07 573450] Tracer actions:
[T 15:32:07 573450] pre_invocations(0)
[T 15:32:07 573450] post_invocations(0)
[T 15:32:07 573450] trace_languages(1): [java]
[T 15:32:07 573450] Initializing tracer.
[T 15:32:07 573450] Initializing tags.
[T 15:32:07 573450] ID set to 000000000008C00A_0000000000000003 (parent 000000000008C00A_0000000000000002)
[T 15:32:07 573450] ==== Candidate to intercept: ./android/gradlew (canonical: /home/nikita/StudioProjects/pam_bio/android/gradlew) ====
[T 15:32:07 573450] Lua: === Intercepted call to /home/nikita/StudioProjects/pam_bio/android/gradlew ===
[T 15:32:07 573450] Executing the following tracer actions:
[T 15:32:07 573450] Tracer actions:
[T 15:32:07 573450] pre_invocations(0)
[T 15:32:07 573450] post_invocations(0)
[T 15:32:07 573450] trace_languages(1): [java]
[T 15:32:07 573454] Initializing tracer.
[T 15:32:07 573454] Initializing tags.
[T 15:32:07 573454] ID set to 000000000008C00E_0000000000000001 (parent 000000000008C00A_0000000000000003)
[T 15:32:07 573454] ==== Candidate to intercept: /nix/store/gph17gb73p6qbrqqjnypfjj5npf0ldyx-coreutils-9.11/bin/uname (canonical: /nix/store/gph17gb73p6qbrqqjnypfjj5npf0ldyx-coreutils-9.11/bin/coreutils) ====
[T 15:32:07 573454] Lua: === Intercepted call to /nix/store/gph17gb73p6qbrqqjnypfjj5npf0ldyx-coreutils-9.11/bin/coreutils ===
[T 15:32:07 573454] Executing the following tracer actions:
[T 15:32:07 573454] Tracer actions:
[T 15:32:07 573454] pre_invocations(0)
[T 15:32:07 573454] post_invocations(0)
[T 15:32:07 573454] trace_languages(1): [java]
[T 15:32:07 573458] Initializing tracer.
[T 15:32:07 573459] Initializing tracer.
[T 15:32:07 573458] Initializing tags.
[T 15:32:07 573459] Initializing tags.
[T 15:32:07 573458] ID set to 000000000008C012_0000000000000001 (parent 000000000008C00A_0000000000000003)
[T 15:32:07 573458] ==== Candidate to intercept: /nix/store/jwq26byp7q4mxqg3yqqq4vgsabs7yknm-findutils-4.10.0/bin/xargs (canonical: /nix/store/jwq26byp7q4mxqg3yqqq4vgsabs7yknm-findutils-4.10.0/bin/xargs) ====
[T 15:32:07 573459] ID set to 000000000008C013_0000000000000001 (parent 000000000008C00A_0000000000000003)
[T 15:32:07 573459] ==== Candidate to intercept: /nix/store/svl89366pvzz5s3myh1fjniz9l0x17fh-gnused-4.10/bin/sed (canonical: /nix/store/svl89366pvzz5s3myh1fjniz9l0x17fh-gnused-4.10/bin/sed) ====
[T 15:32:07 573460] Initializing tracer.
[T 15:32:07 573460] Initializing tags.
[T 15:32:07 573458] Lua: === Intercepted call to /nix/store/jwq26byp7q4mxqg3yqqq4vgsabs7yknm-findutils-4.10.0/bin/xargs ===
[T 15:32:07 573460] ID set to 000000000008C014_0000000000000001 (parent 000000000008C00A_0000000000000003)
[T 15:32:07 573459] Lua: === Intercepted call to /nix/store/svl89366pvzz5s3myh1fjniz9l0x17fh-gnused-4.10/bin/sed ===
[T 15:32:07 573460] ==== Candidate to intercept: /nix/store/gph17gb73p6qbrqqjnypfjj5npf0ldyx-coreutils-9.11/bin/tr (canonical: /nix/store/gph17gb73p6qbrqqjnypfjj5npf0ldyx-coreutils-9.11/bin/coreutils) ====
[T 15:32:07 573458] Executing the following tracer actions:
[T 15:32:07 573459] Executing the following tracer actions:
[T 15:32:07 573458] Tracer actions:
[T 15:32:07 573459] Tracer actions:
[T 15:32:07 573458] pre_invocations(0)
[T 15:32:07 573459] pre_invocations(0)
[T 15:32:07 573458] post_invocations(0)
[T 15:32:07 573459] post_invocations(0)
[T 15:32:07 573458] trace_languages(1): [java]
[T 15:32:07 573459] trace_languages(1): [java]
[T 15:32:07 573460] Lua: === Intercepted call to /nix/store/gph17gb73p6qbrqqjnypfjj5npf0ldyx-coreutils-9.11/bin/coreutils ===
[T 15:32:07 573460] Executing the following tracer actions:
[T 15:32:07 573460] Tracer actions:
[T 15:32:07 573460] pre_invocations(0)
[T 15:32:07 573460] post_invocations(0)
[T 15:32:07 573460] trace_languages(1): [java]
[T 15:32:07 573461] Initializing tracer.
[T 15:32:07 573461] Initializing tags.
[T 15:32:07 573461] ID set to 000000000008C015_0000000000000001 (parent 000000000008C012_0000000000000001)
[T 15:32:07 573461] ==== Candidate to intercept: /nix/store/gph17gb73p6qbrqqjnypfjj5npf0ldyx-coreutils-9.11/bin/echo (canonical: /nix/store/gph17gb73p6qbrqqjnypfjj5npf0ldyx-coreutils-9.11/bin/coreutils) ====
[T 15:32:07 573461] Lua: === Intercepted call to /nix/store/gph17gb73p6qbrqqjnypfjj5npf0ldyx-coreutils-9.11/bin/coreutils ===
[T 15:32:07 573461] Executing the following tracer actions:
[T 15:32:07 573461] Tracer actions:
[T 15:32:07 573461] pre_invocations(0)
[T 15:32:07 573461] post_invocations(0)
[T 15:32:07 573461] trace_languages(1): [java]
[T 15:32:07 573462] Initializing tracer.
[T 15:32:07 573462] Initializing tags.
[T 15:32:07 573462] ID set to 000000000008C016_0000000000000001 (parent 000000000008C012_0000000000000001)
[T 15:32:07 573462] ==== Candidate to intercept: /nix/store/gph17gb73p6qbrqqjnypfjj5npf0ldyx-coreutils-9.11/bin/echo (canonical: /nix/store/gph17gb73p6qbrqqjnypfjj5npf0ldyx-coreutils-9.11/bin/coreutils) ====
[T 15:32:07 573462] Lua: === Intercepted call to /nix/store/gph17gb73p6qbrqqjnypfjj5npf0ldyx-coreutils-9.11/bin/coreutils ===
[T 15:32:07 573462] Executing the following tracer actions:
[T 15:32:07 573462] Tracer actions:
[T 15:32:07 573462] pre_invocations(0)
[T 15:32:07 573462] post_invocations(0)
[T 15:32:07 573462] trace_languages(1): [java]
[T 15:32:07 573450] Initializing tracer.
[T 15:32:07 573450] Initializing tags.
[T 15:32:07 573450] ID set to 000000000008C00A_0000000000000004 (parent 000000000008C00A_0000000000000003)
[T 15:32:07 573450] ==== Candidate to intercept: /run/current-system/sw/bin/java (canonical: /nix/store/rrpczn74jq86pdc6zb8lv2j3jzmzvlkj-openjdk-8u504-b01/lib/openjdk/bin/java) ====
[T 15:32:07 573450] Lua: === Intercepted call to /nix/store/rrpczn74jq86pdc6zb8lv2j3jzmzvlkj-openjdk-8u504-b01/lib/openjdk/bin/java ===
[T 15:32:07 573450] Executing the following tracer actions:
[T 15:32:07 573450] Tracer actions:
[T 15:32:07 573450] pre_invocations(0)
[T 15:32:07 573450] post_invocations(0)
[T 15:32:07 573450] trace_languages(1): [java]
[T 15:32:07 573450] Passing through -javaagent:/nix/store/8cdfj1mnxfx3qk63kbbqflzfl95kkd7p-codeql-2.25.4/codeql/java/tools/codeql-java-agent.jar=ignore-project,java,kotlin to underlying JVM.
[T 15:32:07 573450] Passing through -Xbootclasspath/a:/nix/store/8cdfj1mnxfx3qk63kbbqflzfl95kkd7p-codeql-2.25.4/codeql/java/tools/codeql-java-agent.jar to underlying JVM.
[T 15:32:07 573450] Intercepted JVM creation with extra hidden args: ['-javaagent:/nix/store/8cdfj1mnxfx3qk63kbbqflzfl95kkd7p-codeql-2.25.4/codeql/java/tools/codeql-java-agent.jar=ignore-project,java,kotlin' '-Xbootclasspath/a:/nix/store/8cdfj1mnxfx3qk63kbbqflzfl95kkd7p-codeql-2.25.4/codeql/java/tools/codeql-java-agent.jar' ] (result: 1, 0).
[T 15:32:07 573500] Initializing tracer.
[T 15:32:07 573500] Initializing tags.
[T 15:32:07 573500] ID set to 000000000008C03C_0000000000000001 (parent 000000000008C00A_0000000000000004)
[T 15:32:07 573500] ==== Candidate to intercept: /home/nikita/.gradle/jdks/eclipse_adoptium-21-amd64-linux.2/bin/java (canonical: /home/nikita/.gradle/jdks/eclipse_adoptium-21-amd64-linux.2/bin/java) ====
[T 15:32:07 573500] Lua: === Intercepted call to /home/nikita/.gradle/jdks/eclipse_adoptium-21-amd64-linux.2/bin/java ===
[T 15:32:07 573500] Executing the following tracer actions:
[T 15:32:07 573500] Tracer actions:
[T 15:32:07 573500] pre_invocations(0)
[T 15:32:07 573500] post_invocations(0)
[T 15:32:07 573500] trace_languages(1): [java]
[T 15:32:07 573500] Passing through -javaagent:/nix/store/8cdfj1mnxfx3qk63kbbqflzfl95kkd7p-codeql-2.25.4/codeql/java/tools/codeql-java-agent.jar=ignore-project,java,kotlin to underlying JVM.
[T 15:32:07 573500] Passing through -Xbootclasspath/a:/nix/store/8cdfj1mnxfx3qk63kbbqflzfl95kkd7p-codeql-2.25.4/codeql/java/tools/codeql-java-agent.jar to underlying JVM.
[T 15:32:08 573500] Intercepted JVM creation with extra hidden args: ['-javaagent:/nix/store/8cdfj1mnxfx3qk63kbbqflzfl95kkd7p-codeql-2.25.4/codeql/java/tools/codeql-java-agent.jar=ignore-project,java,kotlin' '-Xbootclasspath/a:/nix/store/8cdfj1mnxfx3qk63kbbqflzfl95kkd7p-codeql-2.25.4/codeql/java/tools/codeql-java-agent.jar' ] (result: 1, 0).
[T 15:32:25 573750] Initializing tracer.
[T 15:32:25 573750] Initializing tags.
[T 15:32:25 573750] ID set to 000000000008C136_0000000000000001 (parent 000000000008C03C_0000000000000001)
[T 15:32:25 573750] ==== Candidate to intercept: /home/nikita/.gradle/jdks/eclipse_adoptium-21-amd64-linux.2/lib/jspawnhelper (canonical: /home/nikita/.gradle/jdks/eclipse_adoptium-21-amd64-linux.2/lib/jspawnhelper) ====
[T 15:32:25 573750] Lua: === Intercepted call to /home/nikita/.gradle/jdks/eclipse_adoptium-21-amd64-linux.2/lib/jspawnhelper ===
[T 15:32:25 573750] Executing the following tracer actions:
[T 15:32:25 573750] Tracer actions:
[T 15:32:25 573750] pre_invocations(0)
[T 15:32:25 573750] post_invocations(0)
[T 15:32:25 573750] trace_languages(1): [java]
[T 15:32:25 573750] Initializing tracer.
[T 15:32:25 573750] Initializing tags.
[T 15:32:25 573750] ID set to 000000000008C136_0000000000000002 (parent 000000000008C136_0000000000000001)
[T 15:32:25 573750] ==== Candidate to intercept: /home/nikita/.gradle/caches/9.4.1/transforms/cc4167c38d0b19d91e64cb9c018861b5/transformed/aapt2-9.2.1-15009934-linux/aapt2 (canonical: /home/nikita/.gradle/caches/9.4.1/transforms/cc4167c38d0b19d91e64cb9c018861b5/transformed/aapt2-9.2.1-15009934-linux/aapt2) ====
[T 15:32:25 573750] Lua: === Intercepted call to /home/nikita/.gradle/caches/9.4.1/transforms/cc4167c38d0b19d91e64cb9c018861b5/transformed/aapt2-9.2.1-15009934-linux/aapt2 ===
[T 15:32:25 573750] Executing the following tracer actions:
[T 15:32:25 573750] Tracer actions:
[T 15:32:25 573750] pre_invocations(0)
[T 15:32:25 573750] post_invocations(0)
[T 15:32:25 573750] trace_languages(1): [java]
[T 15:32:25 573760] Initializing tracer.
[T 15:32:25 573760] Initializing tags.
[T 15:32:25 573760] ID set to 000000000008C140_0000000000000001 (parent 000000000008C03C_0000000000000001)
[T 15:32:25 573760] ==== Candidate to intercept: /home/nikita/.gradle/jdks/eclipse_adoptium-21-amd64-linux.2/lib/jspawnhelper (canonical: /home/nikita/.gradle/jdks/eclipse_adoptium-21-amd64-linux.2/lib/jspawnhelper) ====
[T 15:32:25 573760] Lua: === Intercepted call to /home/nikita/.gradle/jdks/eclipse_adoptium-21-amd64-linux.2/lib/jspawnhelper ===
[T 15:32:25 573760] Executing the following tracer actions:
[T 15:32:25 573760] Tracer actions:
[T 15:32:25 573760] pre_invocations(0)
[T 15:32:25 573760] post_invocations(0)
[T 15:32:25 573760] trace_languages(1): [java]
[T 15:32:25 573760] Initializing tracer.
[T 15:32:25 573760] Initializing tags.
[T 15:32:25 573760] ID set to 000000000008C140_0000000000000002 (parent 000000000008C140_0000000000000001)
[T 15:32:25 573760] ==== Candidate to intercept: /home/nikita/Android/Sdk/ndk/28.2.13676358/toolchains/llvm/prebuilt/linux-x86_64/bin/llvm-strip (canonical: /home/nikita/Android/Sdk/ndk/28.2.13676358/toolchains/llvm/prebuilt/linux-x86_64/bin/llvm-objcopy) ====
[T 15:32:25 573760] Lua: === Intercepted call to /home/nikita/Android/Sdk/ndk/28.2.13676358/toolchains/llvm/prebuilt/linux-x86_64/bin/llvm-objcopy ===
[T 15:32:25 573760] Executing the following tracer actions:
[T 15:32:25 573760] Tracer actions:
[T 15:32:25 573760] pre_invocations(0)
[T 15:32:25 573760] post_invocations(0)
[T 15:32:25 573760] trace_languages(1): [java]
[T 15:32:25 573766] Initializing tracer.
[T 15:32:25 573766] Initializing tags.
[T 15:32:25 573766] ID set to 000000000008C146_0000000000000001 (parent 000000000008C03C_0000000000000001)
[T 15:32:25 573766] ==== Candidate to intercept: /home/nikita/.gradle/jdks/eclipse_adoptium-21-amd64-linux.2/lib/jspawnhelper (canonical: /home/nikita/.gradle/jdks/eclipse_adoptium-21-amd64-linux.2/lib/jspawnhelper) ====
[T 15:32:25 573766] Lua: === Intercepted call to /home/nikita/.gradle/jdks/eclipse_adoptium-21-amd64-linux.2/lib/jspawnhelper ===
[T 15:32:25 573766] Executing the following tracer actions:
[T 15:32:25 573766] Tracer actions:
[T 15:32:25 573766] pre_invocations(0)
[T 15:32:25 573766] post_invocations(0)
[T 15:32:25 573766] trace_languages(1): [java]
[T 15:32:25 573766] Initializing tracer.
[T 15:32:25 573766] Initializing tags.
[T 15:32:25 573766] ID set to 000000000008C146_0000000000000002 (parent 000000000008C146_0000000000000001)
[T 15:32:25 573766] ==== Candidate to intercept: /home/nikita/Android/Sdk/ndk/28.2.13676358/toolchains/llvm/prebuilt/linux-x86_64/bin/llvm-strip (canonical: /home/nikita/Android/Sdk/ndk/28.2.13676358/toolchains/llvm/prebuilt/linux-x86_64/bin/llvm-objcopy) ====
[T 15:32:25 573766] Lua: === Intercepted call to /home/nikita/Android/Sdk/ndk/28.2.13676358/toolchains/llvm/prebuilt/linux-x86_64/bin/llvm-objcopy ===
[T 15:32:25 573766] Executing the following tracer actions:
[T 15:32:25 573766] Tracer actions:
[T 15:32:25 573766] pre_invocations(0)
[T 15:32:25 573766] post_invocations(0)
[T 15:32:25 573766] trace_languages(1): [java]
[T 15:32:25 573770] Initializing tracer.
[T 15:32:25 573770] Initializing tags.
[T 15:32:25 573770] ID set to 000000000008C14A_0000000000000001 (parent 000000000008C03C_0000000000000001)
[T 15:32:25 573770] ==== Candidate to intercept: /home/nikita/.gradle/jdks/eclipse_adoptium-21-amd64-linux.2/lib/jspawnhelper (canonical: /home/nikita/.gradle/jdks/eclipse_adoptium-21-amd64-linux.2/lib/jspawnhelper) ====
[T 15:32:25 573770] Lua: === Intercepted call to /home/nikita/.gradle/jdks/eclipse_adoptium-21-amd64-linux.2/lib/jspawnhelper ===
[T 15:32:25 573770] Executing the following tracer actions:
[T 15:32:25 573770] Tracer actions:
[T 15:32:25 573770] pre_invocations(0)
[T 15:32:25 573770] post_invocations(0)
[T 15:32:25 573770] trace_languages(1): [java]
[T 15:32:25 573771] Initializing tracer.
[T 15:32:25 573771] Initializing tags.
[T 15:32:25 573770] Initializing tracer.
[T 15:32:25 573770] Initializing tags.
[T 15:32:25 573771] ID set to 000000000008C14B_0000000000000001 (parent 000000000008C03C_0000000000000001)
[T 15:32:25 573771] ==== Candidate to intercept: /home/nikita/.gradle/jdks/eclipse_adoptium-21-amd64-linux.2/lib/jspawnhelper (canonical: /home/nikita/.gradle/jdks/eclipse_adoptium-21-amd64-linux.2/lib/jspawnhelper) ====
[T 15:32:25 573770] ID set to 000000000008C14A_0000000000000002 (parent 000000000008C14A_0000000000000001)
[T 15:32:25 573770] ==== Candidate to intercept: /home/nikita/Android/Sdk/ndk/28.2.13676358/toolchains/llvm/prebuilt/linux-x86_64/bin/llvm-strip (canonical: /home/nikita/Android/Sdk/ndk/28.2.13676358/toolchains/llvm/prebuilt/linux-x86_64/bin/llvm-objcopy) ====
[T 15:32:25 573771] Lua: === Intercepted call to /home/nikita/.gradle/jdks/eclipse_adoptium-21-amd64-linux.2/lib/jspawnhelper ===
[T 15:32:25 573771] Executing the following tracer actions:
[T 15:32:25 573771] Tracer actions:
[T 15:32:25 573771] pre_invocations(0)
[T 15:32:25 573771] post_invocations(0)
[T 15:32:25 573771] trace_languages(1): [java]
[T 15:32:25 573770] Lua: === Intercepted call to /home/nikita/Android/Sdk/ndk/28.2.13676358/toolchains/llvm/prebuilt/linux-x86_64/bin/llvm-objcopy ===
[T 15:32:25 573770] Executing the following tracer actions:
[T 15:32:25 573770] Tracer actions:
[T 15:32:25 573770] pre_invocations(0)
[T 15:32:25 573770] post_invocations(0)
[T 15:32:25 573770] trace_languages(1): [java]
[T 15:32:25 573774] Initializing tracer.
[T 15:32:25 573774] Initializing tags.
[T 15:32:25 573774] ID set to 000000000008C14E_0000000000000001 (parent 000000000008C03C_0000000000000001)
[T 15:32:25 573774] ==== Candidate to intercept: /home/nikita/.gradle/jdks/eclipse_adoptium-21-amd64-linux.2/lib/jspawnhelper (canonical: /home/nikita/.gradle/jdks/eclipse_adoptium-21-amd64-linux.2/lib/jspawnhelper) ====
[T 15:32:25 573774] Lua: === Intercepted call to /home/nikita/.gradle/jdks/eclipse_adoptium-21-amd64-linux.2/lib/jspawnhelper ===
[T 15:32:25 573774] Executing the following tracer actions:
[T 15:32:25 573771] Initializing tracer.
[T 15:32:25 573771] Initializing tags.
[T 15:32:25 573774] Tracer actions:
[T 15:32:25 573774] pre_invocations(0)
[T 15:32:25 573774] post_invocations(0)
[T 15:32:25 573774] trace_languages(1): [java]
[T 15:32:25 573771] ID set to 000000000008C14B_0000000000000002 (parent 000000000008C14B_0000000000000001)
[T 15:32:25 573771] ==== Candidate to intercept: /home/nikita/Android/Sdk/ndk/28.2.13676358/toolchains/llvm/prebuilt/linux-x86_64/bin/llvm-strip (canonical: /home/nikita/Android/Sdk/ndk/28.2.13676358/toolchains/llvm/prebuilt/linux-x86_64/bin/llvm-objcopy) ====
[T 15:32:25 573771] Lua: === Intercepted call to /home/nikita/Android/Sdk/ndk/28.2.13676358/toolchains/llvm/prebuilt/linux-x86_64/bin/llvm-objcopy ===
[T 15:32:25 573771] Executing the following tracer actions:
[T 15:32:25 573771] Tracer actions:
[T 15:32:25 573771] pre_invocations(0)
[T 15:32:25 573771] post_invocations(0)
[T 15:32:25 573771] trace_languages(1): [java]
[T 15:32:25 573774] Initializing tracer.
[T 15:32:25 573774] Initializing tags.
[T 15:32:25 573774] ID set to 000000000008C14E_0000000000000002 (parent 000000000008C14E_0000000000000001)
[T 15:32:25 573774] ==== Candidate to intercept: /home/nikita/Android/Sdk/ndk/28.2.13676358/toolchains/llvm/prebuilt/linux-x86_64/bin/llvm-strip (canonical: /home/nikita/Android/Sdk/ndk/28.2.13676358/toolchains/llvm/prebuilt/linux-x86_64/bin/llvm-objcopy) ====
[T 15:32:25 573774] Lua: === Intercepted call to /home/nikita/Android/Sdk/ndk/28.2.13676358/toolchains/llvm/prebuilt/linux-x86_64/bin/llvm-objcopy ===
[T 15:32:25 573774] Executing the following tracer actions:
[T 15:32:25 573774] Tracer actions:
[T 15:32:25 573774] pre_invocations(0)
[T 15:32:25 573774] post_invocations(0)
[T 15:32:25 573774] trace_languages(1): [java]
[T 15:32:25 573777] Initializing tracer.
[T 15:32:25 573777] Initializing tags.
[T 15:32:25 573777] ID set to 000000000008C151_0000000000000001 (parent 000000000008C03C_0000000000000001)
[T 15:32:25 573777] ==== Candidate to intercept: /home/nikita/.gradle/jdks/eclipse_adoptium-21-amd64-linux.2/lib/jspawnhelper (canonical: /home/nikita/.gradle/jdks/eclipse_adoptium-21-amd64-linux.2/lib/jspawnhelper) ====
[T 15:32:25 573777] Lua: === Intercepted call to /home/nikita/.gradle/jdks/eclipse_adoptium-21-amd64-linux.2/lib/jspawnhelper ===
[T 15:32:25 573777] Executing the following tracer actions:
[T 15:32:25 573777] Tracer actions:
[T 15:32:25 573777] pre_invocations(0)
[T 15:32:25 573777] post_invocations(0)
[T 15:32:25 573777] trace_languages(1): [java]
[T 15:32:25 573777] Initializing tracer.
[T 15:32:25 573777] Initializing tags.
[T 15:32:25 573778] Initializing tracer.
[T 15:32:25 573778] Initializing tags.
[T 15:32:25 573778] ID set to 000000000008C152_0000000000000001 (parent 000000000008C03C_0000000000000001)
[T 15:32:25 573778] ==== Candidate to intercept: /home/nikita/.gradle/jdks/eclipse_adoptium-21-amd64-linux.2/lib/jspawnhelper (canonical: /home/nikita/.gradle/jdks/eclipse_adoptium-21-amd64-linux.2/lib/jspawnhelper) ====
[T 15:32:25 573778] Lua: === Intercepted call to /home/nikita/.gradle/jdks/eclipse_adoptium-21-amd64-linux.2/lib/jspawnhelper ===
[T 15:32:25 573778] Executing the following tracer actions:
[T 15:32:25 573778] Tracer actions:
[T 15:32:25 573778] pre_invocations(0)
[T 15:32:25 573778] post_invocations(0)
[T 15:32:25 573778] trace_languages(1): [java]
[T 15:32:25 573777] ID set to 000000000008C151_0000000000000002 (parent 000000000008C151_0000000000000001)
[T 15:32:25 573777] ==== Candidate to intercept: /home/nikita/Android/Sdk/ndk/28.2.13676358/toolchains/llvm/prebuilt/linux-x86_64/bin/llvm-strip (canonical: /home/nikita/Android/Sdk/ndk/28.2.13676358/toolchains/llvm/prebuilt/linux-x86_64/bin/llvm-objcopy) ====
[T 15:32:25 573777] Lua: === Intercepted call to /home/nikita/Android/Sdk/ndk/28.2.13676358/toolchains/llvm/prebuilt/linux-x86_64/bin/llvm-objcopy ===
[T 15:32:25 573777] Executing the following tracer actions:
[T 15:32:25 573777] Tracer actions:
[T 15:32:25 573777] pre_invocations(0)
[T 15:32:25 573777] post_invocations(0)
[T 15:32:25 573777] trace_languages(1): [java]
[T 15:32:25 573778] Initializing tracer.
[T 15:32:25 573778] Initializing tags.
[T 15:32:25 573778] ID set to 000000000008C152_0000000000000002 (parent 000000000008C152_0000000000000001)
[T 15:32:25 573778] ==== Candidate to intercept: /home/nikita/Android/Sdk/ndk/28.2.13676358/toolchains/llvm/prebuilt/linux-x86_64/bin/llvm-strip (canonical: /home/nikita/Android/Sdk/ndk/28.2.13676358/toolchains/llvm/prebuilt/linux-x86_64/bin/llvm-objcopy) ====
[T 15:32:25 573780] Initializing tracer.
[T 15:32:25 573780] Initializing tags.
[T 15:32:25 573780] ID set to 000000000008C154_0000000000000001 (parent 000000000008C03C_0000000000000001)
[T 15:32:25 573780] ==== Candidate to intercept: /home/nikita/.gradle/jdks/eclipse_adoptium-21-amd64-linux.2/lib/jspawnhelper (canonical: /home/nikita/.gradle/jdks/eclipse_adoptium-21-amd64-linux.2/lib/jspawnhelper) ====
[T 15:32:25 573780] Lua: === Intercepted call to /home/nikita/.gradle/jdks/eclipse_adoptium-21-amd64-linux.2/lib/jspawnhelper ===
[T 15:32:25 573780] Executing the following tracer actions:
[T 15:32:25 573780] Tracer actions:
[T 15:32:25 573780] pre_invocations(0)
[T 15:32:25 573780] post_invocations(0)
[T 15:32:25 573780] trace_languages(1): [java]
[T 15:32:25 573778] Lua: === Intercepted call to /home/nikita/Android/Sdk/ndk/28.2.13676358/toolchains/llvm/prebuilt/linux-x86_64/bin/llvm-objcopy ===
[T 15:32:25 573778] Executing the following tracer actions:
[T 15:32:25 573778] Tracer actions:
[T 15:32:25 573778] pre_invocations(0)
[T 15:32:25 573778] post_invocations(0)
[T 15:32:25 573778] trace_languages(1): [java]
[T 15:32:25 573780] Initializing tracer.
[T 15:32:25 573780] Initializing tags.
[T 15:32:25 573780] ID set to 000000000008C154_0000000000000002 (parent 000000000008C154_0000000000000001)
[T 15:32:25 573780] ==== Candidate to intercept: /home/nikita/Android/Sdk/ndk/28.2.13676358/toolchains/llvm/prebuilt/linux-x86_64/bin/llvm-strip (canonical: /home/nikita/Android/Sdk/ndk/28.2.13676358/toolchains/llvm/prebuilt/linux-x86_64/bin/llvm-objcopy) ====
[T 15:32:25 573780] Lua: === Intercepted call to /home/nikita/Android/Sdk/ndk/28.2.13676358/toolchains/llvm/prebuilt/linux-x86_64/bin/llvm-objcopy ===
[T 15:32:25 573780] Executing the following tracer actions:
[T 15:32:25 573781] Initializing tracer.
[T 15:32:25 573780] Tracer actions:
[T 15:32:25 573780] pre_invocations(0)
[T 15:32:25 573781] Initializing tags.
[T 15:32:25 573780] post_invocations(0)
[T 15:32:25 573780] trace_languages(1): [java]
[T 15:32:25 573781] ID set to 000000000008C155_0000000000000001 (parent 000000000008C03C_0000000000000001)
[T 15:32:25 573781] ==== Candidate to intercept: /home/nikita/.gradle/jdks/eclipse_adoptium-21-amd64-linux.2/lib/jspawnhelper (canonical: /home/nikita/.gradle/jdks/eclipse_adoptium-21-amd64-linux.2/lib/jspawnhelper) ====
[T 15:32:25 573781] Lua: === Intercepted call to /home/nikita/.gradle/jdks/eclipse_adoptium-21-amd64-linux.2/lib/jspawnhelper ===
[T 15:32:25 573781] Executing the following tracer actions:
[T 15:32:25 573781] Tracer actions:
[T 15:32:25 573781] pre_invocations(0)
[T 15:32:25 573781] post_invocations(0)
[T 15:32:25 573781] trace_languages(1): [java]
[T 15:32:25 573782] Initializing tracer.
[T 15:32:25 573782] Initializing tags.
[T 15:32:25 573782] ID set to 000000000008C156_0000000000000001 (parent 000000000008C03C_0000000000000001)
[T 15:32:25 573782] ==== Candidate to intercept: /home/nikita/.gradle/jdks/eclipse_adoptium-21-amd64-linux.2/lib/jspawnhelper (canonical: /home/nikita/.gradle/jdks/eclipse_adoptium-21-amd64-linux.2/lib/jspawnhelper) ====
[T 15:32:25 573781] Initializing tracer.
[T 15:32:25 573781] Initializing tags.
[T 15:32:25 573781] ID set to 000000000008C155_0000000000000002 (parent 000000000008C155_0000000000000001)
[T 15:32:25 573781] ==== Candidate to intercept: /home/nikita/Android/Sdk/ndk/28.2.13676358/toolchains/llvm/prebuilt/linux-x86_64/bin/llvm-strip (canonical: /home/nikita/Android/Sdk/ndk/28.2.13676358/toolchains/llvm/prebuilt/linux-x86_64/bin/llvm-objcopy) ====
[T 15:32:25 573781] Lua: === Intercepted call to /home/nikita/Android/Sdk/ndk/28.2.13676358/toolchains/llvm/prebuilt/linux-x86_64/bin/llvm-objcopy ===
[T 15:32:25 573781] Executing the following tracer actions:
[T 15:32:25 573781] Tracer actions:
[T 15:32:25 573781] pre_invocations(0)
[T 15:32:25 573781] post_invocations(0)
[T 15:32:25 573781] trace_languages(1): [java]
[T 15:32:25 573782] Lua: === Intercepted call to /home/nikita/.gradle/jdks/eclipse_adoptium-21-amd64-linux.2/lib/jspawnhelper ===
[T 15:32:25 573782] Executing the following tracer actions:
[T 15:32:25 573782] Tracer actions:
[T 15:32:25 573782] pre_invocations(0)
[T 15:32:25 573782] post_invocations(0)
[T 15:32:25 573782] trace_languages(1): [java]
[T 15:32:25 573782] Initializing tracer.
[T 15:32:25 573782] Initializing tags.
[T 15:32:25 573782] ID set to 000000000008C156_0000000000000002 (parent 000000000008C156_0000000000000001)
[T 15:32:25 573782] ==== Candidate to intercept: /home/nikita/Android/Sdk/ndk/28.2.13676358/toolchains/llvm/prebuilt/linux-x86_64/bin/llvm-strip (canonical: /home/nikita/Android/Sdk/ndk/28.2.13676358/toolchains/llvm/prebuilt/linux-x86_64/bin/llvm-objcopy) ====
[T 15:32:25 573782] Lua: === Intercepted call to /home/nikita/Android/Sdk/ndk/28.2.13676358/toolchains/llvm/prebuilt/linux-x86_64/bin/llvm-objcopy ===
[T 15:32:25 573782] Executing the following tracer actions:
[T 15:32:25 573782] Tracer actions:
[T 15:32:25 573782] pre_invocations(0)
[T 15:32:25 573782] post_invocations(0)
[T 15:32:25 573782] trace_languages(1): [java]
[T 15:32:25 573783] Initializing tracer.
[T 15:32:25 573783] Initializing tags.
[T 15:32:25 573783] ID set to 000000000008C157_0000000000000001 (parent 000000000008C03C_0000000000000001)
[T 15:32:25 573783] ==== Candidate to intercept: /home/nikita/.gradle/jdks/eclipse_adoptium-21-amd64-linux.2/lib/jspawnhelper (canonical: /home/nikita/.gradle/jdks/eclipse_adoptium-21-amd64-linux.2/lib/jspawnhelper) ====
[T 15:32:25 573783] Lua: === Intercepted call to /home/nikita/.gradle/jdks/eclipse_adoptium-21-amd64-linux.2/lib/jspawnhelper ===
[T 15:32:25 573783] Executing the following tracer actions:
[T 15:32:25 573783] Tracer actions:
[T 15:32:25 573783] pre_invocations(0)
[T 15:32:25 573783] post_invocations(0)
[T 15:32:25 573783] trace_languages(1): [java]
[T 15:32:25 573783] Initializing tracer.
[T 15:32:25 573783] Initializing tags.
[T 15:32:25 573784] Initializing tracer.
[T 15:32:25 573784] Initializing tags.
[T 15:32:25 573784] ID set to 000000000008C158_0000000000000001 (parent 000000000008C03C_0000000000000001)
[T 15:32:25 573784] ==== Candidate to intercept: /home/nikita/.gradle/jdks/eclipse_adoptium-21-amd64-linux.2/lib/jspawnhelper (canonical: /home/nikita/.gradle/jdks/eclipse_adoptium-21-amd64-linux.2/lib/jspawnhelper) ====
[T 15:32:25 573784] Lua: === Intercepted call to /home/nikita/.gradle/jdks/eclipse_adoptium-21-amd64-linux.2/lib/jspawnhelper ===
[T 15:32:25 573784] Executing the following tracer actions:
[T 15:32:25 573784] Tracer actions:
[T 15:32:25 573784] pre_invocations(0)
[T 15:32:25 573784] post_invocations(0)
[T 15:32:25 573784] trace_languages(1): [java]
[T 15:32:25 573783] ID set to 000000000008C157_0000000000000002 (parent 000000000008C157_0000000000000001)
[T 15:32:25 573783] ==== Candidate to intercept: /home/nikita/Android/Sdk/ndk/28.2.13676358/toolchains/llvm/prebuilt/linux-x86_64/bin/llvm-strip (canonical: /home/nikita/Android/Sdk/ndk/28.2.13676358/toolchains/llvm/prebuilt/linux-x86_64/bin/llvm-objcopy) ====
[T 15:32:25 573783] Lua: === Intercepted call to /home/nikita/Android/Sdk/ndk/28.2.13676358/toolchains/llvm/prebuilt/linux-x86_64/bin/llvm-objcopy ===
[T 15:32:25 573783] Executing the following tracer actions:
[T 15:32:25 573783] Tracer actions:
[T 15:32:25 573783] pre_invocations(0)
[T 15:32:25 573783] post_invocations(0)
[T 15:32:25 573783] trace_languages(1): [java]
[T 15:32:25 573784] Initializing tracer.
[T 15:32:25 573784] Initializing tags.
[T 15:32:25 573784] ID set to 000000000008C158_0000000000000002 (parent 000000000008C158_0000000000000001)
[T 15:32:25 573785] Initializing tracer.
[T 15:32:25 573784] ==== Candidate to intercept: /home/nikita/Android/Sdk/ndk/28.2.13676358/toolchains/llvm/prebuilt/linux-x86_64/bin/llvm-strip (canonical: /home/nikita/Android/Sdk/ndk/28.2.13676358/toolchains/llvm/prebuilt/linux-x86_64/bin/llvm-objcopy) ====
[T 15:32:25 573785] Initializing tags.
[T 15:32:25 573785] ID set to 000000000008C159_0000000000000001 (parent 000000000008C03C_0000000000000001)
[T 15:32:25 573785] ==== Candidate to intercept: /home/nikita/.gradle/jdks/eclipse_adoptium-21-amd64-linux.2/lib/jspawnhelper (canonical: /home/nikita/.gradle/jdks/eclipse_adoptium-21-amd64-linux.2/lib/jspawnhelper) ====
[T 15:32:25 573784] Lua: === Intercepted call to /home/nikita/Android/Sdk/ndk/28.2.13676358/toolchains/llvm/prebuilt/linux-x86_64/bin/llvm-objcopy ===
[T 15:32:25 573784] Executing the following tracer actions:
[T 15:32:25 573784] Tracer actions:
[T 15:32:25 573784] pre_invocations(0)
[T 15:32:25 573784] post_invocations(0)
[T 15:32:25 573784] trace_languages(1): [java]
[T 15:32:25 573785] Lua: === Intercepted call to /home/nikita/.gradle/jdks/eclipse_adoptium-21-amd64-linux.2/lib/jspawnhelper ===
[T 15:32:25 573785] Executing the following tracer actions:
[T 15:32:25 573785] Tracer actions:
[T 15:32:25 573785] pre_invocations(0)
[T 15:32:25 573785] post_invocations(0)
[T 15:32:25 573785] trace_languages(1): [java]
[T 15:32:25 573785] Initializing tracer.
[T 15:32:25 573785] Initializing tags.
[T 15:32:25 573785] ID set to 000000000008C159_0000000000000002 (parent 000000000008C159_0000000000000001)
[T 15:32:25 573785] ==== Candidate to intercept: /home/nikita/Android/Sdk/ndk/28.2.13676358/toolchains/llvm/prebuilt/linux-x86_64/bin/llvm-strip (canonical: /home/nikita/Android/Sdk/ndk/28.2.13676358/toolchains/llvm/prebuilt/linux-x86_64/bin/llvm-objcopy) ====
[T 15:32:25 573785] Lua: === Intercepted call to /home/nikita/Android/Sdk/ndk/28.2.13676358/toolchains/llvm/prebuilt/linux-x86_64/bin/llvm-objcopy ===
[T 15:32:25 573785] Executing the following tracer actions:
[T 15:32:25 573785] Tracer actions:
[T 15:32:25 573785] pre_invocations(0)
[T 15:32:25 573785] post_invocations(0)
[T 15:32:25 573785] trace_languages(1): [java]
[T 15:32:25 573786] Initializing tracer.
[T 15:32:25 573786] Initializing tags.
[T 15:32:25 573786] ID set to 000000000008C15A_0000000000000001 (parent 000000000008C03C_0000000000000001)
[T 15:32:25 573786] ==== Candidate to intercept: /home/nikita/.gradle/jdks/eclipse_adoptium-21-amd64-linux.2/lib/jspawnhelper (canonical: /home/nikita/.gradle/jdks/eclipse_adoptium-21-amd64-linux.2/lib/jspawnhelper) ====
[T 15:32:25 573786] Lua: === Intercepted call to /home/nikita/.gradle/jdks/eclipse_adoptium-21-amd64-linux.2/lib/jspawnhelper ===
[T 15:32:25 573786] Executing the following tracer actions:
[T 15:32:25 573786] Tracer actions:
[T 15:32:25 573786] pre_invocations(0)
[T 15:32:25 573786] post_invocations(0)
[T 15:32:25 573786] trace_languages(1): [java]
[T 15:32:25 573786] Initializing tracer.
[T 15:32:25 573786] Initializing tags.
[T 15:32:25 573786] ID set to 000000000008C15A_0000000000000002 (parent 000000000008C15A_0000000000000001)
[T 15:32:25 573786] ==== Candidate to intercept: /home/nikita/Android/Sdk/ndk/28.2.13676358/toolchains/llvm/prebuilt/linux-x86_64/bin/llvm-strip (canonical: /home/nikita/Android/Sdk/ndk/28.2.13676358/toolchains/llvm/prebuilt/linux-x86_64/bin/llvm-objcopy) ====
[T 15:32:25 573786] Lua: === Intercepted call to /home/nikita/Android/Sdk/ndk/28.2.13676358/toolchains/llvm/prebuilt/linux-x86_64/bin/llvm-objcopy ===
[T 15:32:25 573786] Executing the following tracer actions:
[T 15:32:25 573786] Tracer actions:
[T 15:32:25 573786] pre_invocations(0)
[T 15:32:25 573786] post_invocations(0)
[T 15:32:25 573786] trace_languages(1): [java]
[T 15:32:25 573788] Initializing tracer.
[T 15:32:25 573788] Initializing tags.
[T 15:32:25 573788] ID set to 000000000008C15C_0000000000000001 (parent 000000000008C03C_0000000000000001)
[T 15:32:25 573788] ==== Candidate to intercept: /home/nikita/.gradle/jdks/eclipse_adoptium-21-amd64-linux.2/lib/jspawnhelper (canonical: /home/nikita/.gradle/jdks/eclipse_adoptium-21-amd64-linux.2/lib/jspawnhelper) ====
[T 15:32:25 573788] Lua: === Intercepted call to /home/nikita/.gradle/jdks/eclipse_adoptium-21-amd64-linux.2/lib/jspawnhelper ===
[T 15:32:25 573788] Executing the following tracer actions:
[T 15:32:25 573788] Tracer actions:
[T 15:32:25 573788] pre_invocations(0)
[T 15:32:25 573788] post_invocations(0)
[T 15:32:25 573788] trace_languages(1): [java]
[T 15:32:25 573788] Initializing tracer.
[T 15:32:25 573788] Initializing tags.
[T 15:32:25 573788] ID set to 000000000008C15C_0000000000000002 (parent 000000000008C15C_0000000000000001)
[T 15:32:25 573788] ==== Candidate to intercept: /home/nikita/Android/Sdk/ndk/28.2.13676358/toolchains/llvm/prebuilt/linux-x86_64/bin/llvm-strip (canonical: /home/nikita/Android/Sdk/ndk/28.2.13676358/toolchains/llvm/prebuilt/linux-x86_64/bin/llvm-objcopy) ====
[T 15:32:25 573789] Initializing tracer.
[T 15:32:25 573789] Initializing tags.
[T 15:32:25 573788] Lua: === Intercepted call to /home/nikita/Android/Sdk/ndk/28.2.13676358/toolchains/llvm/prebuilt/linux-x86_64/bin/llvm-objcopy ===
[T 15:32:25 573788] Executing the following tracer actions:
[T 15:32:25 573788] Tracer actions:
[T 15:32:25 573788] pre_invocations(0)
[T 15:32:25 573788] post_invocations(0)
[T 15:32:25 573788] trace_languages(1): [java]
[T 15:32:25 573789] ID set to 000000000008C15D_0000000000000001 (parent 000000000008C03C_0000000000000001)
[T 15:32:25 573789] ==== Candidate to intercept: /home/nikita/.gradle/jdks/eclipse_adoptium-21-amd64-linux.2/lib/jspawnhelper (canonical: /home/nikita/.gradle/jdks/eclipse_adoptium-21-amd64-linux.2/lib/jspawnhelper) ====
[T 15:32:25 573789] Lua: === Intercepted call to /home/nikita/.gradle/jdks/eclipse_adoptium-21-amd64-linux.2/lib/jspawnhelper ===
[T 15:32:25 573789] Executing the following tracer actions:
[T 15:32:25 573789] Tracer actions:
[T 15:32:25 573789] pre_invocations(0)
[T 15:32:25 573789] post_invocations(0)
[T 15:32:25 573789] trace_languages(1): [java]
[T 15:32:25 573790] Initializing tracer.
[T 15:32:25 573790] Initializing tags.
[T 15:32:25 573790] ID set to 000000000008C15E_0000000000000001 (parent 000000000008C03C_0000000000000001)
[T 15:32:25 573790] ==== Candidate to intercept: /home/nikita/.gradle/jdks/eclipse_adoptium-21-amd64-linux.2/lib/jspawnhelper (canonical: /home/nikita/.gradle/jdks/eclipse_adoptium-21-amd64-linux.2/lib/jspawnhelper) ====
[T 15:32:25 573789] Initializing tracer.
[T 15:32:25 573789] Initializing tags.
[T 15:32:25 573790] Lua: === Intercepted call to /home/nikita/.gradle/jdks/eclipse_adoptium-21-amd64-linux.2/lib/jspawnhelper ===
[T 15:32:25 573790] Executing the following tracer actions:
[T 15:32:25 573790] Tracer actions:
[T 15:32:25 573790] pre_invocations(0)
[T 15:32:25 573790] post_invocations(0)
[T 15:32:25 573790] trace_languages(1): [java]
[T 15:32:25 573789] ID set to 000000000008C15D_0000000000000002 (parent 000000000008C15D_0000000000000001)
[T 15:32:25 573789] ==== Candidate to intercept: /home/nikita/Android/Sdk/ndk/28.2.13676358/toolchains/llvm/prebuilt/linux-x86_64/bin/llvm-strip (canonical: /home/nikita/Android/Sdk/ndk/28.2.13676358/toolchains/llvm/prebuilt/linux-x86_64/bin/llvm-objcopy) ====
[T 15:32:25 573789] Lua: === Intercepted call to /home/nikita/Android/Sdk/ndk/28.2.13676358/toolchains/llvm/prebuilt/linux-x86_64/bin/llvm-objcopy ===
[T 15:32:25 573789] Executing the following tracer actions:
[T 15:32:25 573789] Tracer actions:
[T 15:32:25 573789] pre_invocations(0)
[T 15:32:25 573789] post_invocations(0)
[T 15:32:25 573789] trace_languages(1): [java]
[T 15:32:25 573790] Initializing tracer.
[T 15:32:25 573790] Initializing tags.
[T 15:32:25 573791] Initializing tracer.
[T 15:32:25 573791] Initializing tags.
[T 15:32:25 573790] ID set to 000000000008C15E_0000000000000002 (parent 000000000008C15E_0000000000000001)
[T 15:32:25 573790] ==== Candidate to intercept: /home/nikita/Android/Sdk/ndk/28.2.13676358/toolchains/llvm/prebuilt/linux-x86_64/bin/llvm-strip (canonical: /home/nikita/Android/Sdk/ndk/28.2.13676358/toolchains/llvm/prebuilt/linux-x86_64/bin/llvm-objcopy) ====
[T 15:32:25 573791] ID set to 000000000008C15F_0000000000000001 (parent 000000000008C03C_0000000000000001)
[T 15:32:25 573791] ==== Candidate to intercept: /home/nikita/.gradle/jdks/eclipse_adoptium-21-amd64-linux.2/lib/jspawnhelper (canonical: /home/nikita/.gradle/jdks/eclipse_adoptium-21-amd64-linux.2/lib/jspawnhelper) ====
[T 15:32:25 573790] Lua: === Intercepted call to /home/nikita/Android/Sdk/ndk/28.2.13676358/toolchains/llvm/prebuilt/linux-x86_64/bin/llvm-objcopy ===
[T 15:32:25 573791] Lua: === Intercepted call to /home/nikita/.gradle/jdks/eclipse_adoptium-21-amd64-linux.2/lib/jspawnhelper ===
[T 15:32:25 573790] Executing the following tracer actions:
[T 15:32:25 573791] Executing the following tracer actions:
[T 15:32:25 573790] Tracer actions:
[T 15:32:25 573791] Tracer actions:
[T 15:32:25 573790] pre_invocations(0)
[T 15:32:25 573791] pre_invocations(0)
[T 15:32:25 573790] post_invocations(0)
[T 15:32:25 573791] post_invocations(0)
[T 15:32:25 573790] trace_languages(1): [java]
[T 15:32:25 573791] trace_languages(1): [java]
[T 15:32:25 573792] Initializing tracer.
[T 15:32:25 573792] Initializing tags.
[T 15:32:25 573792] ID set to 000000000008C160_0000000000000001 (parent 000000000008C03C_0000000000000001)
[T 15:32:25 573792] ==== Candidate to intercept: /home/nikita/.gradle/jdks/eclipse_adoptium-21-amd64-linux.2/lib/jspawnhelper (canonical: /home/nikita/.gradle/jdks/eclipse_adoptium-21-amd64-linux.2/lib/jspawnhelper) ====
[T 15:32:25 573792] Lua: === Intercepted call to /home/nikita/.gradle/jdks/eclipse_adoptium-21-amd64-linux.2/lib/jspawnhelper ===
[T 15:32:25 573792] Executing the following tracer actions:
[T 15:32:25 573792] Tracer actions:
[T 15:32:25 573792] pre_invocations(0)
[T 15:32:25 573792] post_invocations(0)
[T 15:32:25 573792] trace_languages(1): [java]
[T 15:32:25 573791] Initializing tracer.
[T 15:32:25 573791] Initializing tags.
[T 15:32:25 573791] ID set to 000000000008C15F_0000000000000002 (parent 000000000008C15F_0000000000000001)
[T 15:32:25 573791] ==== Candidate to intercept: /home/nikita/Android/Sdk/ndk/28.2.13676358/toolchains/llvm/prebuilt/linux-x86_64/bin/llvm-strip (canonical: /home/nikita/Android/Sdk/ndk/28.2.13676358/toolchains/llvm/prebuilt/linux-x86_64/bin/llvm-objcopy) ====
[T 15:32:25 573791] Lua: === Intercepted call to /home/nikita/Android/Sdk/ndk/28.2.13676358/toolchains/llvm/prebuilt/linux-x86_64/bin/llvm-objcopy ===
[T 15:32:25 573791] Executing the following tracer actions:
[T 15:32:25 573791] Tracer actions:
[T 15:32:25 573791] pre_invocations(0)
[T 15:32:25 573791] post_invocations(0)
[T 15:32:25 573791] trace_languages(1): [java]
[T 15:32:25 573792] Initializing tracer.
[T 15:32:25 573792] Initializing tags.
[T 15:32:25 573792] ID set to 000000000008C160_0000000000000002 (parent 000000000008C160_0000000000000001)
[T 15:32:25 573792] ==== Candidate to intercept: /home/nikita/Android/Sdk/ndk/28.2.13676358/toolchains/llvm/prebuilt/linux-x86_64/bin/llvm-strip (canonical: /home/nikita/Android/Sdk/ndk/28.2.13676358/toolchains/llvm/prebuilt/linux-x86_64/bin/llvm-objcopy) ====
[T 15:32:25 573792] Lua: === Intercepted call to /home/nikita/Android/Sdk/ndk/28.2.13676358/toolchains/llvm/prebuilt/linux-x86_64/bin/llvm-objcopy ===
[T 15:32:25 573792] Executing the following tracer actions:
[T 15:32:25 573792] Tracer actions:
[T 15:32:25 573792] pre_invocations(0)
[T 15:32:25 573792] post_invocations(0)
[T 15:32:25 573792] trace_languages(1): [java]
[T 15:32:25 573793] Initializing tracer.
[T 15:32:25 573793] Initializing tags.
[T 15:32:25 573793] ID set to 000000000008C161_0000000000000001 (parent 000000000008C03C_0000000000000001)
[T 15:32:25 573793] ==== Candidate to intercept: /home/nikita/.gradle/jdks/eclipse_adoptium-21-amd64-linux.2/lib/jspawnhelper (canonical: /home/nikita/.gradle/jdks/eclipse_adoptium-21-amd64-linux.2/lib/jspawnhelper) ====
[T 15:32:25 573793] Lua: === Intercepted call to /home/nikita/.gradle/jdks/eclipse_adoptium-21-amd64-linux.2/lib/jspawnhelper ===
[T 15:32:25 573793] Executing the following tracer actions:
[T 15:32:25 573793] Tracer actions:
[T 15:32:25 573793] pre_invocations(0)
[T 15:32:25 573793] post_invocations(0)
[T 15:32:25 573793] trace_languages(1): [java]
[T 15:32:25 573793] Initializing tracer.
[T 15:32:25 573793] Initializing tags.
[T 15:32:25 573793] ID set to 000000000008C161_0000000000000002 (parent 000000000008C161_0000000000000001)
[T 15:32:25 573793] ==== Candidate to intercept: /home/nikita/Android/Sdk/ndk/28.2.13676358/toolchains/llvm/prebuilt/linux-x86_64/bin/llvm-strip (canonical: /home/nikita/Android/Sdk/ndk/28.2.13676358/toolchains/llvm/prebuilt/linux-x86_64/bin/llvm-objcopy) ====
[T 15:32:25 573793] Lua: === Intercepted call to /home/nikita/Android/Sdk/ndk/28.2.13676358/toolchains/llvm/prebuilt/linux-x86_64/bin/llvm-objcopy ===
[T 15:32:25 573793] Executing the following tracer actions:
[T 15:32:25 573793] Tracer actions:
[T 15:32:25 573793] pre_invocations(0)
[T 15:32:25 573793] post_invocations(0)
[T 15:32:25 573793] trace_languages(1): [java]
[T 15:32:25 573794] Initializing tracer.
[T 15:32:25 573794] Initializing tags.
[T 15:32:25 573794] ID set to 000000000008C162_0000000000000001 (parent 000000000008C03C_0000000000000001)
[T 15:32:25 573794] ==== Candidate to intercept: /home/nikita/.gradle/jdks/eclipse_adoptium-21-amd64-linux.2/lib/jspawnhelper (canonical: /home/nikita/.gradle/jdks/eclipse_adoptium-21-amd64-linux.2/lib/jspawnhelper) ====
[T 15:32:25 573794] Lua: === Intercepted call to /home/nikita/.gradle/jdks/eclipse_adoptium-21-amd64-linux.2/lib/jspawnhelper ===
[T 15:32:25 573795] Initializing tracer.
[T 15:32:25 573796] Initializing tracer.
[T 15:32:25 573795] Initializing tags.
[T 15:32:25 573796] Initializing tags.
[T 15:32:25 573794] Executing the following tracer actions:
[T 15:32:25 573794] Tracer actions:
[T 15:32:25 573794] pre_invocations(0)
[T 15:32:25 573794] post_invocations(0)
[T 15:32:25 573794] trace_languages(1): [java]
[T 15:32:25 573795] ID set to 000000000008C163_0000000000000001 (parent 000000000008C03C_0000000000000001)
[T 15:32:25 573795] ==== Candidate to intercept: /home/nikita/.gradle/jdks/eclipse_adoptium-21-amd64-linux.2/lib/jspawnhelper (canonical: /home/nikita/.gradle/jdks/eclipse_adoptium-21-amd64-linux.2/lib/jspawnhelper) ====
[T 15:32:25 573795] Lua: === Intercepted call to /home/nikita/.gradle/jdks/eclipse_adoptium-21-amd64-linux.2/lib/jspawnhelper ===
[T 15:32:25 573795] Executing the following tracer actions:
[T 15:32:25 573795] Tracer actions:
[T 15:32:25 573795] pre_invocations(0)
[T 15:32:25 573795] post_invocations(0)
[T 15:32:25 573795] trace_languages(1): [java]
[T 15:32:25 573796] ID set to 000000000008C164_0000000000000001 (parent 000000000008C03C_0000000000000001)
[T 15:32:25 573796] ==== Candidate to intercept: /home/nikita/.gradle/jdks/eclipse_adoptium-21-amd64-linux.2/lib/jspawnhelper (canonical: /home/nikita/.gradle/jdks/eclipse_adoptium-21-amd64-linux.2/lib/jspawnhelper) ====
[T 15:32:25 573796] Lua: === Intercepted call to /home/nikita/.gradle/jdks/eclipse_adoptium-21-amd64-linux.2/lib/jspawnhelper ===
[T 15:32:25 573796] Executing the following tracer actions:
[T 15:32:25 573796] Tracer actions:
[T 15:32:25 573796] pre_invocations(0)
[T 15:32:25 573796] post_invocations(0)
[T 15:32:25 573796] trace_languages(1): [java]
[T 15:32:25 573794] Initializing tracer.
[T 15:32:25 573794] Initializing tags.
[T 15:32:25 573794] ID set to 000000000008C162_0000000000000002 (parent 000000000008C162_0000000000000001)
[T 15:32:25 573794] ==== Candidate to intercept: /home/nikita/.gradle/caches/9.4.1/transforms/cc4167c38d0b19d91e64cb9c018861b5/transformed/aapt2-9.2.1-15009934-linux/aapt2 (canonical: /home/nikita/.gradle/caches/9.4.1/transforms/cc4167c38d0b19d91e64cb9c018861b5/transformed/aapt2-9.2.1-15009934-linux/aapt2) ====
[T 15:32:25 573794] Lua: === Intercepted call to /home/nikita/.gradle/caches/9.4.1/transforms/cc4167c38d0b19d91e64cb9c018861b5/transformed/aapt2-9.2.1-15009934-linux/aapt2 ===
[T 15:32:25 573795] Initializing tracer.
[T 15:32:25 573795] Initializing tags.
[T 15:32:25 573795] ID set to 000000000008C163_0000000000000002 (parent 000000000008C163_0000000000000001)
[T 15:32:25 573795] ==== Candidate to intercept: /home/nikita/.gradle/caches/9.4.1/transforms/cc4167c38d0b19d91e64cb9c018861b5/transformed/aapt2-9.2.1-15009934-linux/aapt2 (canonical: /home/nikita/.gradle/caches/9.4.1/transforms/cc4167c38d0b19d91e64cb9c018861b5/transformed/aapt2-9.2.1-15009934-linux/aapt2) ====
[T 15:32:25 573795] Lua: === Intercepted call to /home/nikita/.gradle/caches/9.4.1/transforms/cc4167c38d0b19d91e64cb9c018861b5/transformed/aapt2-9.2.1-15009934-linux/aapt2 ===
[T 15:32:25 573795] Executing the following tracer actions:
[T 15:32:25 573795] Tracer actions:
[T 15:32:25 573795] pre_invocations(0)
[T 15:32:25 573795] post_invocations(0)
[T 15:32:25 573795] trace_languages(1): [java]
[T 15:32:25 573794] Executing the following tracer actions:
[T 15:32:25 573794] Tracer actions:
[T 15:32:25 573794] pre_invocations(0)
[T 15:32:25 573794] post_invocations(0)
[T 15:32:25 573794] trace_languages(1): [java]
[T 15:32:25 573796] Initializing tracer.
[T 15:32:25 573796] Initializing tags.
[T 15:32:25 573796] ID set to 000000000008C164_0000000000000002 (parent 000000000008C164_0000000000000001)
[T 15:32:25 573796] ==== Candidate to intercept: /home/nikita/.gradle/caches/9.4.1/transforms/cc4167c38d0b19d91e64cb9c018861b5/transformed/aapt2-9.2.1-15009934-linux/aapt2 (canonical: /home/nikita/.gradle/caches/9.4.1/transforms/cc4167c38d0b19d91e64cb9c018861b5/transformed/aapt2-9.2.1-15009934-linux/aapt2) ====
[T 15:32:25 573796] Lua: === Intercepted call to /home/nikita/.gradle/caches/9.4.1/transforms/cc4167c38d0b19d91e64cb9c018861b5/transformed/aapt2-9.2.1-15009934-linux/aapt2 ===
[T 15:32:25 573796] Executing the following tracer actions:
[T 15:32:25 573796] Tracer actions:
[T 15:32:25 573796] pre_invocations(0)
[T 15:32:25 573796] post_invocations(0)
[T 15:32:25 573796] trace_languages(1): [java]
[T 15:32:28 573819] Initializing tracer.
[T 15:32:28 573819] Initializing tags.
[T 15:32:28 573819] ID set to 000000000008C17B_0000000000000001 (parent 000000000008C03C_0000000000000001)
[T 15:32:28 573819] ==== Candidate to intercept: /home/nikita/.gradle/jdks/eclipse_adoptium-21-amd64-linux.2/lib/jspawnhelper (canonical: /home/nikita/.gradle/jdks/eclipse_adoptium-21-amd64-linux.2/lib/jspawnhelper) ====
[T 15:32:28 573819] Lua: === Intercepted call to /home/nikita/.gradle/jdks/eclipse_adoptium-21-amd64-linux.2/lib/jspawnhelper ===
[T 15:32:28 573819] Executing the following tracer actions:
[T 15:32:28 573819] Tracer actions:
[T 15:32:28 573819] pre_invocations(0)
[T 15:32:28 573819] post_invocations(0)
[T 15:32:28 573819] trace_languages(1): [java]
[T 15:32:28 573819] Initializing tracer.
[T 15:32:28 573819] Initializing tags.
[T 15:32:28 573819] ID set to 000000000008C17B_0000000000000002 (parent 000000000008C17B_0000000000000001)
[T 15:32:28 573819] ==== Candidate to intercept: /home/nikita/.gradle/jdks/eclipse_adoptium-21-amd64-linux.2/bin/java (canonical: /home/nikita/.gradle/jdks/eclipse_adoptium-21-amd64-linux.2/bin/java) ====
[T 15:32:28 573819] Lua: === Intercepted call to /home/nikita/.gradle/jdks/eclipse_adoptium-21-amd64-linux.2/bin/java ===
[T 15:32:28 573819] Executing the following tracer actions:
[T 15:32:28 573819] Tracer actions:
[T 15:32:28 573819] pre_invocations(0)
[T 15:32:28 573819] post_invocations(0)
[T 15:32:28 573819] trace_languages(1): [java]
[T 15:32:28 573819] Passing through -javaagent:/nix/store/8cdfj1mnxfx3qk63kbbqflzfl95kkd7p-codeql-2.25.4/codeql/java/tools/codeql-java-agent.jar=ignore-project,java,kotlin to underlying JVM.
[T 15:32:28 573819] Passing through -Xbootclasspath/a:/nix/store/8cdfj1mnxfx3qk63kbbqflzfl95kkd7p-codeql-2.25.4/codeql/java/tools/codeql-java-agent.jar to underlying JVM.
[T 15:32:28 573819] Intercepted JVM creation with extra hidden args: ['-javaagent:/nix/store/8cdfj1mnxfx3qk63kbbqflzfl95kkd7p-codeql-2.25.4/codeql/java/tools/codeql-java-agent.jar=ignore-project,java,kotlin' '-Xbootclasspath/a:/nix/store/8cdfj1mnxfx3qk63kbbqflzfl95kkd7p-codeql-2.25.4/codeql/java/tools/codeql-java-agent.jar' ] (result: 1, 0).
