[2026-09-08 20:31:24] This is codeql database create codeql-db --language=java-kotlin --command=./android/gradlew -p android clean assembleDebug --overwrite
[2026-09-08 20:31:24] Log file was started late.
[2026-09-08 20:31:24] [PROGRESS] database create> Initializing database at /home/nikita/StudioProjects/pam_bio/codeql-db.
[2026-09-08 20:31:24] Running plumbing command: codeql database init --overwrite --language=java-kotlin --extractor-options-verbosity=1 --qlconfig-file=/home/nikita/StudioProjects/pam_bio/qlconfig.yml --source-root=/home/nikita/StudioProjects/pam_bio --allow-missing-source-root=false --allow-already-existing -- /home/nikita/StudioProjects/pam_bio/codeql-db
[2026-09-08 20:31:24] Calling plumbing command: codeql resolve languages --extractor-options-verbosity=1 --format=betterjson
[2026-09-08 20:31:24] [DETAILS] resolve languages> Scanning for [codeql-extractor.yml] from /nix/store/8cdfj1mnxfx3qk63kbbqflzfl95kkd7p-codeql-2.25.4/codeql/
[2026-09-08 20:31:25] [DETAILS] resolve languages> Parsing /nix/store/8cdfj1mnxfx3qk63kbbqflzfl95kkd7p-codeql-2.25.4/codeql/actions/codeql-extractor.yml.
[2026-09-08 20:31:25] [DETAILS] resolve languages> Parsing /nix/store/8cdfj1mnxfx3qk63kbbqflzfl95kkd7p-codeql-2.25.4/codeql/cpp/codeql-extractor.yml.
[2026-09-08 20:31:25] [DETAILS] resolve languages> Parsing /nix/store/8cdfj1mnxfx3qk63kbbqflzfl95kkd7p-codeql-2.25.4/codeql/csharp/codeql-extractor.yml.
[2026-09-08 20:31:25] [DETAILS] resolve languages> Parsing /nix/store/8cdfj1mnxfx3qk63kbbqflzfl95kkd7p-codeql-2.25.4/codeql/csv/codeql-extractor.yml.
[2026-09-08 20:31:25] [DETAILS] resolve languages> Parsing /nix/store/8cdfj1mnxfx3qk63kbbqflzfl95kkd7p-codeql-2.25.4/codeql/go/codeql-extractor.yml.
[2026-09-08 20:31:25] [DETAILS] resolve languages> Parsing /nix/store/8cdfj1mnxfx3qk63kbbqflzfl95kkd7p-codeql-2.25.4/codeql/html/codeql-extractor.yml.
[2026-09-08 20:31:25] [DETAILS] resolve languages> Parsing /nix/store/8cdfj1mnxfx3qk63kbbqflzfl95kkd7p-codeql-2.25.4/codeql/java/codeql-extractor.yml.
[2026-09-08 20:31:25] [DETAILS] resolve languages> Parsing /nix/store/8cdfj1mnxfx3qk63kbbqflzfl95kkd7p-codeql-2.25.4/codeql/javascript/codeql-extractor.yml.
[2026-09-08 20:31:25] [DETAILS] resolve languages> Parsing /nix/store/8cdfj1mnxfx3qk63kbbqflzfl95kkd7p-codeql-2.25.4/codeql/properties/codeql-extractor.yml.
[2026-09-08 20:31:25] [DETAILS] resolve languages> Parsing /nix/store/8cdfj1mnxfx3qk63kbbqflzfl95kkd7p-codeql-2.25.4/codeql/python/codeql-extractor.yml.
[2026-09-08 20:31:25] [DETAILS] resolve languages> Parsing /nix/store/8cdfj1mnxfx3qk63kbbqflzfl95kkd7p-codeql-2.25.4/codeql/ruby/codeql-extractor.yml.
[2026-09-08 20:31:25] [DETAILS] resolve languages> Parsing /nix/store/8cdfj1mnxfx3qk63kbbqflzfl95kkd7p-codeql-2.25.4/codeql/rust/codeql-extractor.yml.
[2026-09-08 20:31:25] [DETAILS] resolve languages> Parsing /nix/store/8cdfj1mnxfx3qk63kbbqflzfl95kkd7p-codeql-2.25.4/codeql/swift/codeql-extractor.yml.
[2026-09-08 20:31:25] [DETAILS] resolve languages> Parsing /nix/store/8cdfj1mnxfx3qk63kbbqflzfl95kkd7p-codeql-2.25.4/codeql/xml/codeql-extractor.yml.
[2026-09-08 20:31:25] [DETAILS] resolve languages> Parsing /nix/store/8cdfj1mnxfx3qk63kbbqflzfl95kkd7p-codeql-2.25.4/codeql/yaml/codeql-extractor.yml.
[2026-09-08 20:31:25] Plumbing command codeql resolve languages completed:
                      {
                        "aliases" : {
                          "c" : "cpp",
                          "c++" : "cpp",
                          "c-c++" : "cpp",
                          "c-cpp" : "cpp",
                          "c#" : "csharp",
                          "java-kotlin" : "java",
                          "kotlin" : "java",
                          "javascript-typescript" : "javascript",
                          "typescript" : "javascript"
                        },
                        "extractors" : {
                          "actions" : [
                            {
                              "extractor_root" : "/nix/store/8cdfj1mnxfx3qk63kbbqflzfl95kkd7p-codeql-2.25.4/codeql/actions",
                              "extractor_options" : { }
                            }
                          ],
                          "cpp" : [
                            {
                              "extractor_root" : "/nix/store/8cdfj1mnxfx3qk63kbbqflzfl95kkd7p-codeql-2.25.4/codeql/cpp",
                              "extractor_options" : {
                                "scale_timeouts" : {
                                  "title" : "Value to scale compiler introspection timeouts with",
                                  "description" : "The extractor attempts to determine what compiler the source code being extracted is compiled with. To this end the extractor makes additional calls to the compiler, some of which are expected to return within a certain fixed time (either 10s or 15s). On some systems that are under high load this time might be too short, and can be scaled up using this option.\n",
                                  "type" : "string",
                                  "pattern" : "[0-9]+"
                                },
                                "log_verbosity" : {
                                  "title" : "Verbosity of the extractor logging",
                                  "description" : "Set the verbosity of the extractor logging to 'quiet' (0), 'normal' (1), 'chatty' (2), or 'noisy' (3). The default is 'normal'.\n",
                                  "type" : "string",
                                  "pattern" : "[0-3]"
                                }
                              }
                            }
                          ],
                          "csharp" : [
                            {
                              "extractor_root" : "/nix/store/8cdfj1mnxfx3qk63kbbqflzfl95kkd7p-codeql-2.25.4/codeql/csharp",
                              "extractor_options" : {
                                "trap" : {
                                  "title" : "Options pertaining to TRAP.",
                                  "description" : "Options pertaining to TRAP.",
                                  "type" : "object",
                                  "properties" : {
                                    "compression" : {
                                      "title" : "Controls compression for the TRAP files written by the extractor.",
                                      "description" : "This option is only intended for use in debugging the extractor. Accepted values are 'brotli' (the default, to write brotli-compressed TRAP), 'gzip', and 'none' (to write uncompressed TRAP).\n",
                                      "type" : "string",
                                      "pattern" : "^(none|gzip|brotli)$"
                                    }
                                  }
                                },
                                "buildless" : {
                                  "title" : "DEPRECATED - Whether to use buildless (standalone) extraction.",
                                  "description" : "DEPRECATED: Use `--build-mode none` instead.\nA value indicating, which type of extraction the autobuilder should perform. If 'true', then the standalone extractor will be used, otherwise tracing extraction will be performed. The default is 'false'. Note that buildless extraction will generally yield less accurate analysis results, and should only be used in cases where it is not possible to build the code (for example if it uses inaccessible dependencies).\n",
                                  "type" : "string",
                                  "pattern" : "^(false|true)$"
                                },
                                "logging" : {
                                  "title" : "Options pertaining to logging.",
                                  "description" : "Options pertaining to logging.",
                                  "type" : "object",
                                  "properties" : {
                                    "verbosity" : {
                                      "title" : "Extractor logging verbosity level.",
                                      "description" : "Controls the level of verbosity of the extractor. The supported levels are (in order of increasing verbosity):\n  - off\n  - errors\n  - warnings\n  - info or progress\n  - debug or progress+\n  - trace or progress++\n  - progress+++\n",
                                      "type" : "string",
                                      "pattern" : "^(off|errors|warnings|(info|progress)|(debug|progress\\+)|(trace|progress\\+\\+)|progress\\+\\+\\+)$"
                                    }
                                  }
                                },
                                "binlog" : {
                                  "title" : "Binlog",
                                  "description" : "[EXPERIMENTAL] The value is a path to the MsBuild binary log file that should be extracted. This option only works when `--build-mode none` is also specified.\n",
                                  "type" : "array"
                                },
                                "buildless_dependency_dir" : {
                                  "title" : "The path where buildless (standalone) extraction should keep dependencies.",
                                  "description" : "If set, the buildless (standalone) extractor will store dependencies in this directory.\n",
                                  "type" : "string"
                                }
                              }
                            }
                          ],
                          "csv" : [
                            {
                              "extractor_root" : "/nix/store/8cdfj1mnxfx3qk63kbbqflzfl95kkd7p-codeql-2.25.4/codeql/csv"
                            }
                          ],
                          "go" : [
                            {
                              "extractor_root" : "/nix/store/8cdfj1mnxfx3qk63kbbqflzfl95kkd7p-codeql-2.25.4/codeql/go",
                              "extractor_options" : {
                                "extract_tests" : {
                                  "title" : "Whether to include Go test files in the CodeQL database.",
                                  "description" : "A value indicating whether Go test files should be included in the CodeQL database. The default is 'false'.\n",
                                  "type" : "string",
                                  "pattern" : "^(false|true)$"
                                },
                                "extract_vendor_dirs" : {
                                  "title" : "Whether to include Go vendor directories in the CodeQL database.",
                                  "description" : "A value indicating whether Go vendor directories should be included in the CodeQL database. The default is 'false'.\n",
                                  "type" : "string",
                                  "pattern" : "^(false|true)$"
                                }
                              }
                            }
                          ],
                          "html" : [
                            {
                              "extractor_root" : "/nix/store/8cdfj1mnxfx3qk63kbbqflzfl95kkd7p-codeql-2.25.4/codeql/html"
                            }
                          ],
                          "java" : [
                            {
                              "extractor_root" : "/nix/store/8cdfj1mnxfx3qk63kbbqflzfl95kkd7p-codeql-2.25.4/codeql/java",
                              "extractor_options" : {
                                "exclude" : {
                                  "title" : "A glob excluding files from analysis.",
                                  "description" : "A glob indicating what files to exclude from the analysis. This accepts glob patterns that are supported by Java's 'getPathMatcher' implementation.\n",
                                  "type" : "string"
                                },
                                "add_prefer_source" : {
                                  "title" : "Whether to always prefer source files over class files.",
                                  "description" : "A value indicating whether source files should be preferred over class files. If set to 'true', the extraction adds '-Xprefer:source' to the javac command line. If set to 'false', the extraction uses the default javac behavior ('-Xprefer:newer'). The default is 'true'.\n",
                                  "type" : "string",
                                  "pattern" : "^(false|true)$"
                                },
                                "buildless" : {
                                  "title" : "Whether to use buildless (standalone) extraction (experimental).",
                                  "description" : "A value indicating, which type of extraction the autobuilder should perform. If 'true', then the standalone extractor will be used, otherwise tracing extraction will be performed. The default is 'false'. Note that buildless extraction will generally yield less accurate analysis results, and should only be used in cases where it is not possible to build the code (for example if it uses inaccessible dependencies).\n",
                                  "type" : "string",
                                  "pattern" : "^(false|true)$"
                                },
                                "buildless_dependency_dir" : {
                                  "title" : "The path where buildless (standalone) extraction should keep dependencies.",
                                  "description" : "If set, the buildless (standalone) extractor will store dependencies in this directory.\n",
                                  "type" : "string"
                                },
                                "minimize_dependency_jars" : {
                                  "title" : "Whether to rewrite and minimize downloaded JAR dependencies (experimental).",
                                  "description" : "If 'true', JAR dependencies downloaded during extraction will be rewritten to remove unneeded data, such as method bodies. The default is 'false'.\n",
                                  "type" : "string",
                                  "pattern" : "^(false|true)$"
                                }
                              }
                            }
                          ],
                          "javascript" : [
                            {
                              "extractor_root" : "/nix/store/8cdfj1mnxfx3qk63kbbqflzfl95kkd7p-codeql-2.25.4/codeql/javascript",
                              "extractor_options" : {
                                "skip_types" : {
                                  "title" : "Skip type extraction for TypeScript",
                                  "description" : "Whether to skip the extraction of types in a TypeScript application",
                                  "type" : "string",
                                  "pattern" : "^(false|true)$"
                                }
                              }
                            }
                          ],
                          "properties" : [
                            {
                              "extractor_root" : "/nix/store/8cdfj1mnxfx3qk63kbbqflzfl95kkd7p-codeql-2.25.4/codeql/properties"
                            }
                          ],
                          "python" : [
                            {
                              "extractor_root" : "/nix/store/8cdfj1mnxfx3qk63kbbqflzfl95kkd7p-codeql-2.25.4/codeql/python",
                              "extractor_options" : {
                                "logging" : {
                                  "title" : "Options pertaining to logging.",
                                  "description" : "Options pertaining to logging.",
                                  "type" : "object",
                                  "properties" : {
                                    "verbosity" : {
                                      "title" : "Python extractor logging verbosity level.",
                                      "description" : "Controls the level of verbosity of the CodeQL Python extractor.\nThe supported levels are (in order of increasing verbosity):\n\n  - off\n  - errors\n  - warnings\n  - info or progress\n  - debug or progress+\n  - trace or progress++\n  - progress+++\n",
                                      "type" : "string",
                                      "pattern" : "^(off|errors|warnings|(info|progress)|(debug|progress\\+)|(trace|progress\\+\\+)|progress\\+\\+\\+)$"
                                    }
                                  }
                                },
                                "python_executable_name" : {
                                  "title" : "Controls the name of the Python executable used by the Python extractor.",
                                  "description" : "The Python extractor uses platform-dependent heuristics to determine the name of the Python executable to use. Specifying a value for this option overrides the name of the Python executable used by the extractor. Accepted values are py, python and python3. Use this setting with caution, the Python extractor requires Python 3 to run.\n",
                                  "type" : "string",
                                  "pattern" : "^(py|python|python3)$"
                                }
                              }
                            }
                          ],
                          "ruby" : [
                            {
                              "extractor_root" : "/nix/store/8cdfj1mnxfx3qk63kbbqflzfl95kkd7p-codeql-2.25.4/codeql/ruby",
                              "extractor_options" : {
                                "trap" : {
                                  "title" : "Options pertaining to TRAP.",
                                  "description" : "Options pertaining to TRAP.",
                                  "type" : "object",
                                  "properties" : {
                                    "compression" : {
                                      "title" : "Controls compression for the TRAP files written by the extractor.",
                                      "description" : "This option is only intended for use in debugging the extractor. Accepted values are 'gzip' (the default, to write gzip-compressed TRAP) 'zstd' (to write Zstandard-compressed TRAP) and 'none' (to write uncompressed TRAP).\n",
                                      "type" : "string",
                                      "pattern" : "^(none|gzip|zstd)$"
                                    }
                                  }
                                }
                              }
                            }
                          ],
                          "rust" : [
                            {
                              "extractor_root" : "/nix/store/8cdfj1mnxfx3qk63kbbqflzfl95kkd7p-codeql-2.25.4/codeql/rust",
                              "extractor_options" : {
                                "trap" : {
                                  "title" : "Options pertaining to TRAP.",
                                  "description" : "Options pertaining to TRAP.",
                                  "type" : "object",
                                  "properties" : {
                                    "compression" : {
                                      "title" : "Controls compression for the TRAP files written by the extractor.",
                                      "description" : "This option is only intended for use in debugging the extractor. Accepted values are 'gzip' (to write gzip-compressed TRAP) 'zstd' (to write Zstandard-compressed TRAP) and 'none' (the default, to write uncompressed TRAP).\n",
                                      "type" : "string",
                                      "pattern" : "^(none|gzip|zstd)$"
                                    }
                                  }
                                },
                                "cargo_target_dir" : {
                                  "title" : "Directory to use for cargo output files.",
                                  "description" : "This value is an optional path to use as `CARGO_TARGET_DIR` for the internal cargo commands the extractor uses. Pointing it to a persistent directory may reduce execution time of consecutive extractor runs. By default, a new scratch directory is used for each run.\n",
                                  "type" : "string"
                                },
                                "cargo_target" : {
                                  "title" : "Target architecture",
                                  "description" : "Target architecture to use for analysis, analogous to `cargo --target`. By default the host architecture is used.\n",
                                  "type" : "string"
                                },
                                "cargo_features" : {
                                  "title" : "Cargo features to turn on",
                                  "description" : "Comma-separated list of features to turn on. By default all features are enabled. If any features are specified, then only those features are enabled. The `default` feature must be explicitly specified if only default features are desired. Can be repeated.\n",
                                  "type" : "array"
                                },
                                "cargo_cfg_overrides" : {
                                  "title" : "Cargo cfg overrides",
                                  "description" : "Comma-separated list of cfg settings to enable, or disable if prefixed with `-`. Can be repeated.\n",
                                  "type" : "array"
                                },
                                "logging" : {
                                  "title" : "Options pertaining to logging.",
                                  "description" : "Options pertaining to logging.",
                                  "type" : "object",
                                  "properties" : {
                                    "verbosity" : {
                                      "title" : "Extractor logging verbosity level.",
                                      "description" : "Controls the level of verbosity of the extractor. The supported levels are (in order of increasing verbosity):\n  - off\n  - errors\n  - warnings\n  - info or progress\n  - debug or progress+\n  - trace or progress++\n  - progress+++\n",
                                      "type" : "string",
                                      "pattern" : "^(off|errors|warnings|(info|progress)|(debug|progress\\+)|(trace|progress\\+\\+)|progress\\+\\+\\+)$"
                                    },
                                    "flamegraph" : {
                                      "title" : "[Experimental] File path for write flame graph log",
                                      "description" : "Collect flame graph data using the `tracing-flame` crate. To render a flame graph or chart, run the `inferno-flamegraph` command. See also: https://crates.io/crates/tracing-flame\n",
                                      "type" : "string"
                                    }
                                  }
                                },
                                "extract_dependencies_as_source" : {
                                  "title" : "Extract dependencies as source code",
                                  "description" : "Extract the full source code of dependencies instead of only extracting signatures.\n",
                                  "type" : "string",
                                  "pattern" : "^(false|true)$"
                                }
                              }
                            }
                          ],
                          "swift" : [
                            {
                              "extractor_root" : "/nix/store/8cdfj1mnxfx3qk63kbbqflzfl95kkd7p-codeql-2.25.4/codeql/swift"
                            }
                          ],
                          "xml" : [
                            {
                              "extractor_root" : "/nix/store/8cdfj1mnxfx3qk63kbbqflzfl95kkd7p-codeql-2.25.4/codeql/xml"
                            }
                          ],
                          "yaml" : [
                            {
                              "extractor_root" : "/nix/store/8cdfj1mnxfx3qk63kbbqflzfl95kkd7p-codeql-2.25.4/codeql/yaml"
                            }
                          ]
                        }
                      }
[2026-09-08 20:31:25] [PROGRESS] database init> Calculating baseline information in /home/nikita/StudioProjects/pam_bio
[2026-09-08 20:31:25] [SPAMMY] database init> Ignoring the following directories when processing baseline information: .git, .hg, .svn.
[2026-09-08 20:31:25] [DETAILS] database init> Running command in /home/nikita/StudioProjects/pam_bio: /nix/store/8cdfj1mnxfx3qk63kbbqflzfl95kkd7p-codeql-2.25.4/codeql/tools/linux64/scc --by-file --exclude-dir .git,.hg,.svn --format json --no-large --no-min .
[2026-09-08 20:31:25] Using configure-baseline script /nix/store/8cdfj1mnxfx3qk63kbbqflzfl95kkd7p-codeql-2.25.4/codeql/go/tools/configure-baseline.sh.
[2026-09-08 20:31:25] [PROGRESS] database init> Running command in /home/nikita/StudioProjects/pam_bio: [/nix/store/8cdfj1mnxfx3qk63kbbqflzfl95kkd7p-codeql-2.25.4/codeql/go/tools/configure-baseline.sh]
[2026-09-08 20:31:25] Using configure-baseline script /nix/store/8cdfj1mnxfx3qk63kbbqflzfl95kkd7p-codeql-2.25.4/codeql/actions/tools/configure-baseline.sh.
[2026-09-08 20:31:25] [PROGRESS] database init> Running command in /home/nikita/StudioProjects/pam_bio: [/nix/store/8cdfj1mnxfx3qk63kbbqflzfl95kkd7p-codeql-2.25.4/codeql/actions/tools/configure-baseline.sh]
[2026-09-08 20:31:25] [SPAMMY] database init> Found 25 baseline files for java.
[2026-09-08 20:31:25] [SPAMMY] database init> Found 9 baseline files for go.
[2026-09-08 20:31:25] [SPAMMY] database init> Found 4 baseline files for python.
[2026-09-08 20:31:25] [SPAMMY] database init> Found 2 baseline files for actions.
[2026-09-08 20:31:25] [SPAMMY] database init> Found 1 baseline files for cpp.
[2026-09-08 20:31:25] [PROGRESS] database init> Calculated baseline information for languages: actions, cpp, go, java, python (147ms).
[2026-09-08 20:31:25] [PROGRESS] database init> Resolving extractor java.
[2026-09-08 20:31:25] [DETAILS] database init> Found candidate extractor root for java: /nix/store/8cdfj1mnxfx3qk63kbbqflzfl95kkd7p-codeql-2.25.4/codeql/java.
[2026-09-08 20:31:25] [PROGRESS] database init> Successfully loaded extractor Java/Kotlin (java) from /nix/store/8cdfj1mnxfx3qk63kbbqflzfl95kkd7p-codeql-2.25.4/codeql/java.
[2026-09-08 20:31:25] [PROGRESS] database init> Created skeleton CodeQL database at /home/nikita/StudioProjects/pam_bio/codeql-db. This in-progress database is ready to be populated by an extractor.
[2026-09-08 20:31:25] Plumbing command codeql database init completed.
[2026-09-08 20:31:25] [PROGRESS] database create> Running build command: [./android/gradlew, -p, android, clean, assembleDebug]
[2026-09-08 20:31:25] Running plumbing command: codeql database trace-command --working-dir=/home/nikita/StudioProjects/pam_bio --index-traceless-dbs --no-db-cluster -- /home/nikita/StudioProjects/pam_bio/codeql-db ./android/gradlew -p android clean assembleDebug
[2026-09-08 20:31:25] [PROGRESS] database trace-command> Running command in /home/nikita/StudioProjects/pam_bio: [./android/gradlew, -p, android, clean, assembleDebug]
[2026-09-08 20:31:27] [build-stdout] > Task :app:clean
[2026-09-08 20:31:27] [build-stdout] > Task :app:preBuild UP-TO-DATE
[2026-09-08 20:31:27] [build-stdout] > Task :app:preDebugBuild UP-TO-DATE
[2026-09-08 20:31:27] [build-stdout] > Task :app:mergeDebugNativeDebugMetadata NO-SOURCE
[2026-09-08 20:31:27] [build-stdout] > Task :app:generateDebugBuildConfig
[2026-09-08 20:31:27] [build-stdout] > Task :app:generateDebugResources
[2026-09-08 20:31:27] [build-stdout] > Task :app:packageDebugResources
[2026-09-08 20:31:27] [build-stdout] > Task :app:processDebugNavigationResources
[2026-09-08 20:31:27] [build-stdout] > Task :app:generateDebugAssets UP-TO-DATE
[2026-09-08 20:31:27] [build-stdout] > Task :app:javaPreCompileDebug
[2026-09-08 20:31:27] [build-stdout] > Task :app:parseDebugLocalResources
[2026-09-08 20:31:27] [build-stdout] > Task :app:mergeDebugAssets
[2026-09-08 20:31:27] [build-stdout] > Task :app:generateDebugRFile
[2026-09-08 20:31:27] [build-stdout] > Task :app:compressDebugAssets
[2026-09-08 20:31:27] [build-stdout] > Task :app:generateDebugGlobalSynthetics
[2026-09-08 20:31:28] [build-stdout] > Task :app:desugarDebugFileDependencies
[2026-09-08 20:31:28] [build-stdout] > Task :app:mapDebugSourceSetPaths
[2026-09-08 20:31:28] [build-stdout] > Task :app:compileDebugNavigationResources
[2026-09-08 20:31:28] [build-stdout] > Task :app:checkDebugDuplicateClasses
[2026-09-08 20:31:28] [build-stdout] > Task :app:checkDebugAarMetadata
[2026-09-08 20:31:29] [build-stdout] > Task :app:createDebugCompatibleScreenManifests
[2026-09-08 20:31:29] [build-stdout] > Task :app:mergeLibDexDebug
[2026-09-08 20:31:29] [build-stdout] > Task :app:extractDeepLinksDebug
[2026-09-08 20:31:29] [build-stdout] > Task :app:mergeDebugResources
[2026-09-08 20:31:29] [build-stdout] > Task :app:processDebugMainManifest
[2026-09-08 20:31:29] [build-stdout] > Task :app:processDebugManifest
[2026-09-08 20:31:29] [build-stdout] > Task :app:mergeDebugJniLibFolders
[2026-09-08 20:31:30] [build-stdout] > Task :app:processDebugManifestForPackage
[2026-09-08 20:31:30] [build-stdout] > Task :app:validateSigningDebug
[2026-09-08 20:31:30] [build-stdout] > Task :app:writeDebugAppMetadata
[2026-09-08 20:31:30] [build-stdout] > Task :app:mergeDebugNativeLibs
[2026-09-08 20:31:30] [build-stdout] > Task :app:writeDebugSigningConfigVersions
[2026-09-08 20:31:30] [build-stdout] > Task :app:stripDebugDebugSymbols
[2026-09-08 20:31:31] [build-stdout] > Task :app:processDebugResources
[2026-09-08 20:31:35] [build-stdout] > Task :app:compileDebugKotlin
[2026-09-08 20:31:35] [build-stdout] w: file:///home/nikita/StudioProjects/pam_bio/android/app/src/main/java/ovh/dep/pam/network/NsdDiscoveryManager.kt:63:24 'fun resolveService(p0: NsdServiceInfo!, p1: NsdManager.ResolveListener!): Unit' is deprecated. Deprecated in Java.
[2026-09-08 20:31:35] [build-stdout] w: file:///home/nikita/StudioProjects/pam_bio/android/app/src/main/java/ovh/dep/pam/network/NsdDiscoveryManager.kt:94:29 'var host: InetAddress!' is deprecated. Deprecated in Java.
[2026-09-08 20:31:35] [build-stdout] w: file:///home/nikita/StudioProjects/pam_bio/android/app/src/main/java/ovh/dep/pam/ui/about/AboutScreen.kt:69:43 'val Icons.Filled.ArrowBack: ImageVector' is deprecated. Use the AutoMirrored version at Icons.AutoMirrored.Filled.ArrowBack.
[2026-09-08 20:31:35] [build-stdout] w: file:///home/nikita/StudioProjects/pam_bio/android/app/src/main/java/ovh/dep/pam/ui/about/AboutScreen.kt:133:17 'fun Divider(modifier: Modifier = ..., thickness: Dp = ..., color: Color = ...): Unit' is deprecated. Renamed to HorizontalDivider.
[2026-09-08 20:31:35] [build-stdout] w: file:///home/nikita/StudioProjects/pam_bio/android/app/src/main/java/ovh/dep/pam/ui/scan/QrScanScreen.kt:79:26 'val LocalLifecycleOwner: ProvidableCompositionLocal<LifecycleOwner>' is deprecated. Moved to lifecycle-runtime-compose library in androidx.lifecycle.compose package.
[2026-09-08 20:31:35] [build-stdout] w: file:///home/nikita/StudioProjects/pam_bio/android/app/src/main/java/ovh/dep/pam/ui/scan/QrScanScreen.kt:141:28 'val LocalClipboardManager: ProvidableCompositionLocal<ClipboardManager>' is deprecated. Use LocalClipboard instead which supports suspend functions.
[2026-09-08 20:31:35] [build-stdout] > Task :app:compileDebugJavaWithJavac
[2026-09-08 20:31:35] [build-stdout] > Task :app:processDebugJavaRes
[2026-09-08 20:31:36] [build-stdout] > Task :app:dexBuilderDebug
[2026-09-08 20:31:36] [build-stdout] > Task :app:mergeProjectDexDebug
[2026-09-08 20:31:37] [build-stdout] > Task :app:mergeDebugJavaResource
[2026-09-08 20:31:40] [build-stdout] > Task :app:mergeExtDexDebug
[2026-09-08 20:31:41] [build-stdout] > Task :app:packageDebug
[2026-09-08 20:31:41] [build-stdout] > Task :app:createDebugApkListingFileRedirect
[2026-09-08 20:31:41] [build-stdout] > Task :app:assembleDebug
[2026-09-08 20:31:41] [build-stdout] BUILD SUCCESSFUL in 15s
[2026-09-08 20:31:41] [build-stdout] 39 actionable tasks: 39 executed
[2026-09-08 20:31:41] [build-stdout] Consider enabling configuration cache to speed up this build: https://docs.gradle.org/9.4.1/userguide/configuration_cache_enabling.html
[2026-09-08 20:31:41] Plumbing command codeql database trace-command completed.
[2026-09-08 20:31:41] [PROGRESS] database create> Finalizing database at /home/nikita/StudioProjects/pam_bio/codeql-db.
[2026-09-08 20:31:41] Running plumbing command: codeql database finalize --no-db-cluster -- /home/nikita/StudioProjects/pam_bio/codeql-db
[2026-09-08 20:31:41] Calling plumbing command: codeql resolve languages --format=json
[2026-09-08 20:31:41] [DETAILS] resolve languages> Scanning for [codeql-extractor.yml] from /nix/store/8cdfj1mnxfx3qk63kbbqflzfl95kkd7p-codeql-2.25.4/codeql/
[2026-09-08 20:31:41] [DETAILS] resolve languages> Parsing /nix/store/8cdfj1mnxfx3qk63kbbqflzfl95kkd7p-codeql-2.25.4/codeql/actions/codeql-extractor.yml.
[2026-09-08 20:31:41] [DETAILS] resolve languages> Parsing /nix/store/8cdfj1mnxfx3qk63kbbqflzfl95kkd7p-codeql-2.25.4/codeql/cpp/codeql-extractor.yml.
[2026-09-08 20:31:41] [DETAILS] resolve languages> Parsing /nix/store/8cdfj1mnxfx3qk63kbbqflzfl95kkd7p-codeql-2.25.4/codeql/csharp/codeql-extractor.yml.
[2026-09-08 20:31:41] [DETAILS] resolve languages> Parsing /nix/store/8cdfj1mnxfx3qk63kbbqflzfl95kkd7p-codeql-2.25.4/codeql/csv/codeql-extractor.yml.
[2026-09-08 20:31:41] [DETAILS] resolve languages> Parsing /nix/store/8cdfj1mnxfx3qk63kbbqflzfl95kkd7p-codeql-2.25.4/codeql/go/codeql-extractor.yml.
[2026-09-08 20:31:41] [DETAILS] resolve languages> Parsing /nix/store/8cdfj1mnxfx3qk63kbbqflzfl95kkd7p-codeql-2.25.4/codeql/html/codeql-extractor.yml.
[2026-09-08 20:31:41] [DETAILS] resolve languages> Parsing /nix/store/8cdfj1mnxfx3qk63kbbqflzfl95kkd7p-codeql-2.25.4/codeql/java/codeql-extractor.yml.
[2026-09-08 20:31:41] [DETAILS] resolve languages> Parsing /nix/store/8cdfj1mnxfx3qk63kbbqflzfl95kkd7p-codeql-2.25.4/codeql/javascript/codeql-extractor.yml.
[2026-09-08 20:31:41] [DETAILS] resolve languages> Parsing /nix/store/8cdfj1mnxfx3qk63kbbqflzfl95kkd7p-codeql-2.25.4/codeql/properties/codeql-extractor.yml.
[2026-09-08 20:31:41] [DETAILS] resolve languages> Parsing /nix/store/8cdfj1mnxfx3qk63kbbqflzfl95kkd7p-codeql-2.25.4/codeql/python/codeql-extractor.yml.
[2026-09-08 20:31:41] [DETAILS] resolve languages> Parsing /nix/store/8cdfj1mnxfx3qk63kbbqflzfl95kkd7p-codeql-2.25.4/codeql/ruby/codeql-extractor.yml.
[2026-09-08 20:31:41] [DETAILS] resolve languages> Parsing /nix/store/8cdfj1mnxfx3qk63kbbqflzfl95kkd7p-codeql-2.25.4/codeql/rust/codeql-extractor.yml.
[2026-09-08 20:31:41] [DETAILS] resolve languages> Parsing /nix/store/8cdfj1mnxfx3qk63kbbqflzfl95kkd7p-codeql-2.25.4/codeql/swift/codeql-extractor.yml.
[2026-09-08 20:31:41] [DETAILS] resolve languages> Parsing /nix/store/8cdfj1mnxfx3qk63kbbqflzfl95kkd7p-codeql-2.25.4/codeql/xml/codeql-extractor.yml.
[2026-09-08 20:31:41] [DETAILS] resolve languages> Parsing /nix/store/8cdfj1mnxfx3qk63kbbqflzfl95kkd7p-codeql-2.25.4/codeql/yaml/codeql-extractor.yml.
[2026-09-08 20:31:41] Plumbing command codeql resolve languages completed:
                      {
                        "aliases" : {
                          "c" : "cpp",
                          "c++" : "cpp",
                          "c-c++" : "cpp",
                          "c-cpp" : "cpp",
                          "c#" : "csharp",
                          "java-kotlin" : "java",
                          "kotlin" : "java",
                          "javascript-typescript" : "javascript",
                          "typescript" : "javascript"
                        },
                        "extractors" : {
                          "actions" : [
                            {
                              "extractor_root" : "/nix/store/8cdfj1mnxfx3qk63kbbqflzfl95kkd7p-codeql-2.25.4/codeql/actions",
                              "extractor_options" : { }
                            }
                          ],
                          "cpp" : [
                            {
                              "extractor_root" : "/nix/store/8cdfj1mnxfx3qk63kbbqflzfl95kkd7p-codeql-2.25.4/codeql/cpp",
                              "extractor_options" : {
                                "scale_timeouts" : {
                                  "title" : "Value to scale compiler introspection timeouts with",
                                  "description" : "The extractor attempts to determine what compiler the source code being extracted is compiled with. To this end the extractor makes additional calls to the compiler, some of which are expected to return within a certain fixed time (either 10s or 15s). On some systems that are under high load this time might be too short, and can be scaled up using this option.\n",
                                  "type" : "string",
                                  "pattern" : "[0-9]+"
                                },
                                "log_verbosity" : {
                                  "title" : "Verbosity of the extractor logging",
                                  "description" : "Set the verbosity of the extractor logging to 'quiet' (0), 'normal' (1), 'chatty' (2), or 'noisy' (3). The default is 'normal'.\n",
                                  "type" : "string",
                                  "pattern" : "[0-3]"
                                }
                              }
                            }
                          ],
                          "csharp" : [
                            {
                              "extractor_root" : "/nix/store/8cdfj1mnxfx3qk63kbbqflzfl95kkd7p-codeql-2.25.4/codeql/csharp",
                              "extractor_options" : {
                                "trap" : {
                                  "title" : "Options pertaining to TRAP.",
                                  "description" : "Options pertaining to TRAP.",
                                  "type" : "object",
                                  "properties" : {
                                    "compression" : {
                                      "title" : "Controls compression for the TRAP files written by the extractor.",
                                      "description" : "This option is only intended for use in debugging the extractor. Accepted values are 'brotli' (the default, to write brotli-compressed TRAP), 'gzip', and 'none' (to write uncompressed TRAP).\n",
                                      "type" : "string",
                                      "pattern" : "^(none|gzip|brotli)$"
                                    }
                                  }
                                },
                                "buildless" : {
                                  "title" : "DEPRECATED - Whether to use buildless (standalone) extraction.",
                                  "description" : "DEPRECATED: Use `--build-mode none` instead.\nA value indicating, which type of extraction the autobuilder should perform. If 'true', then the standalone extractor will be used, otherwise tracing extraction will be performed. The default is 'false'. Note that buildless extraction will generally yield less accurate analysis results, and should only be used in cases where it is not possible to build the code (for example if it uses inaccessible dependencies).\n",
                                  "type" : "string",
                                  "pattern" : "^(false|true)$"
                                },
                                "logging" : {
                                  "title" : "Options pertaining to logging.",
                                  "description" : "Options pertaining to logging.",
                                  "type" : "object",
                                  "properties" : {
                                    "verbosity" : {
                                      "title" : "Extractor logging verbosity level.",
                                      "description" : "Controls the level of verbosity of the extractor. The supported levels are (in order of increasing verbosity):\n  - off\n  - errors\n  - warnings\n  - info or progress\n  - debug or progress+\n  - trace or progress++\n  - progress+++\n",
                                      "type" : "string",
                                      "pattern" : "^(off|errors|warnings|(info|progress)|(debug|progress\\+)|(trace|progress\\+\\+)|progress\\+\\+\\+)$"
                                    }
                                  }
                                },
                                "binlog" : {
                                  "title" : "Binlog",
                                  "description" : "[EXPERIMENTAL] The value is a path to the MsBuild binary log file that should be extracted. This option only works when `--build-mode none` is also specified.\n",
                                  "type" : "array"
                                },
                                "buildless_dependency_dir" : {
                                  "title" : "The path where buildless (standalone) extraction should keep dependencies.",
                                  "description" : "If set, the buildless (standalone) extractor will store dependencies in this directory.\n",
                                  "type" : "string"
                                }
                              }
                            }
                          ],
                          "csv" : [
                            {
                              "extractor_root" : "/nix/store/8cdfj1mnxfx3qk63kbbqflzfl95kkd7p-codeql-2.25.4/codeql/csv"
                            }
                          ],
                          "go" : [
                            {
                              "extractor_root" : "/nix/store/8cdfj1mnxfx3qk63kbbqflzfl95kkd7p-codeql-2.25.4/codeql/go",
                              "extractor_options" : {
                                "extract_tests" : {
                                  "title" : "Whether to include Go test files in the CodeQL database.",
                                  "description" : "A value indicating whether Go test files should be included in the CodeQL database. The default is 'false'.\n",
                                  "type" : "string",
                                  "pattern" : "^(false|true)$"
                                },
                                "extract_vendor_dirs" : {
                                  "title" : "Whether to include Go vendor directories in the CodeQL database.",
                                  "description" : "A value indicating whether Go vendor directories should be included in the CodeQL database. The default is 'false'.\n",
                                  "type" : "string",
                                  "pattern" : "^(false|true)$"
                                }
                              }
                            }
                          ],
                          "html" : [
                            {
                              "extractor_root" : "/nix/store/8cdfj1mnxfx3qk63kbbqflzfl95kkd7p-codeql-2.25.4/codeql/html"
                            }
                          ],
                          "java" : [
                            {
                              "extractor_root" : "/nix/store/8cdfj1mnxfx3qk63kbbqflzfl95kkd7p-codeql-2.25.4/codeql/java",
                              "extractor_options" : {
                                "exclude" : {
                                  "title" : "A glob excluding files from analysis.",
                                  "description" : "A glob indicating what files to exclude from the analysis. This accepts glob patterns that are supported by Java's 'getPathMatcher' implementation.\n",
                                  "type" : "string"
                                },
                                "add_prefer_source" : {
                                  "title" : "Whether to always prefer source files over class files.",
                                  "description" : "A value indicating whether source files should be preferred over class files. If set to 'true', the extraction adds '-Xprefer:source' to the javac command line. If set to 'false', the extraction uses the default javac behavior ('-Xprefer:newer'). The default is 'true'.\n",
                                  "type" : "string",
                                  "pattern" : "^(false|true)$"
                                },
                                "buildless" : {
                                  "title" : "Whether to use buildless (standalone) extraction (experimental).",
                                  "description" : "A value indicating, which type of extraction the autobuilder should perform. If 'true', then the standalone extractor will be used, otherwise tracing extraction will be performed. The default is 'false'. Note that buildless extraction will generally yield less accurate analysis results, and should only be used in cases where it is not possible to build the code (for example if it uses inaccessible dependencies).\n",
                                  "type" : "string",
                                  "pattern" : "^(false|true)$"
                                },
                                "buildless_dependency_dir" : {
                                  "title" : "The path where buildless (standalone) extraction should keep dependencies.",
                                  "description" : "If set, the buildless (standalone) extractor will store dependencies in this directory.\n",
                                  "type" : "string"
                                },
                                "minimize_dependency_jars" : {
                                  "title" : "Whether to rewrite and minimize downloaded JAR dependencies (experimental).",
                                  "description" : "If 'true', JAR dependencies downloaded during extraction will be rewritten to remove unneeded data, such as method bodies. The default is 'false'.\n",
                                  "type" : "string",
                                  "pattern" : "^(false|true)$"
                                }
                              }
                            }
                          ],
                          "javascript" : [
                            {
                              "extractor_root" : "/nix/store/8cdfj1mnxfx3qk63kbbqflzfl95kkd7p-codeql-2.25.4/codeql/javascript",
                              "extractor_options" : {
                                "skip_types" : {
                                  "title" : "Skip type extraction for TypeScript",
                                  "description" : "Whether to skip the extraction of types in a TypeScript application",
                                  "type" : "string",
                                  "pattern" : "^(false|true)$"
                                }
                              }
                            }
                          ],
                          "properties" : [
                            {
                              "extractor_root" : "/nix/store/8cdfj1mnxfx3qk63kbbqflzfl95kkd7p-codeql-2.25.4/codeql/properties"
                            }
                          ],
                          "python" : [
                            {
                              "extractor_root" : "/nix/store/8cdfj1mnxfx3qk63kbbqflzfl95kkd7p-codeql-2.25.4/codeql/python",
                              "extractor_options" : {
                                "logging" : {
                                  "title" : "Options pertaining to logging.",
                                  "description" : "Options pertaining to logging.",
                                  "type" : "object",
                                  "properties" : {
                                    "verbosity" : {
                                      "title" : "Python extractor logging verbosity level.",
                                      "description" : "Controls the level of verbosity of the CodeQL Python extractor.\nThe supported levels are (in order of increasing verbosity):\n\n  - off\n  - errors\n  - warnings\n  - info or progress\n  - debug or progress+\n  - trace or progress++\n  - progress+++\n",
                                      "type" : "string",
                                      "pattern" : "^(off|errors|warnings|(info|progress)|(debug|progress\\+)|(trace|progress\\+\\+)|progress\\+\\+\\+)$"
                                    }
                                  }
                                },
                                "python_executable_name" : {
                                  "title" : "Controls the name of the Python executable used by the Python extractor.",
                                  "description" : "The Python extractor uses platform-dependent heuristics to determine the name of the Python executable to use. Specifying a value for this option overrides the name of the Python executable used by the extractor. Accepted values are py, python and python3. Use this setting with caution, the Python extractor requires Python 3 to run.\n",
                                  "type" : "string",
                                  "pattern" : "^(py|python|python3)$"
                                }
                              }
                            }
                          ],
                          "ruby" : [
                            {
                              "extractor_root" : "/nix/store/8cdfj1mnxfx3qk63kbbqflzfl95kkd7p-codeql-2.25.4/codeql/ruby",
                              "extractor_options" : {
                                "trap" : {
                                  "title" : "Options pertaining to TRAP.",
                                  "description" : "Options pertaining to TRAP.",
                                  "type" : "object",
                                  "properties" : {
                                    "compression" : {
                                      "title" : "Controls compression for the TRAP files written by the extractor.",
                                      "description" : "This option is only intended for use in debugging the extractor. Accepted values are 'gzip' (the default, to write gzip-compressed TRAP) 'zstd' (to write Zstandard-compressed TRAP) and 'none' (to write uncompressed TRAP).\n",
                                      "type" : "string",
                                      "pattern" : "^(none|gzip|zstd)$"
                                    }
                                  }
                                }
                              }
                            }
                          ],
                          "rust" : [
                            {
                              "extractor_root" : "/nix/store/8cdfj1mnxfx3qk63kbbqflzfl95kkd7p-codeql-2.25.4/codeql/rust",
                              "extractor_options" : {
                                "trap" : {
                                  "title" : "Options pertaining to TRAP.",
                                  "description" : "Options pertaining to TRAP.",
                                  "type" : "object",
                                  "properties" : {
                                    "compression" : {
                                      "title" : "Controls compression for the TRAP files written by the extractor.",
                                      "description" : "This option is only intended for use in debugging the extractor. Accepted values are 'gzip' (to write gzip-compressed TRAP) 'zstd' (to write Zstandard-compressed TRAP) and 'none' (the default, to write uncompressed TRAP).\n",
                                      "type" : "string",
                                      "pattern" : "^(none|gzip|zstd)$"
                                    }
                                  }
                                },
                                "cargo_target_dir" : {
                                  "title" : "Directory to use for cargo output files.",
                                  "description" : "This value is an optional path to use as `CARGO_TARGET_DIR` for the internal cargo commands the extractor uses. Pointing it to a persistent directory may reduce execution time of consecutive extractor runs. By default, a new scratch directory is used for each run.\n",
                                  "type" : "string"
                                },
                                "cargo_target" : {
                                  "title" : "Target architecture",
                                  "description" : "Target architecture to use for analysis, analogous to `cargo --target`. By default the host architecture is used.\n",
                                  "type" : "string"
                                },
                                "cargo_features" : {
                                  "title" : "Cargo features to turn on",
                                  "description" : "Comma-separated list of features to turn on. By default all features are enabled. If any features are specified, then only those features are enabled. The `default` feature must be explicitly specified if only default features are desired. Can be repeated.\n",
                                  "type" : "array"
                                },
                                "cargo_cfg_overrides" : {
                                  "title" : "Cargo cfg overrides",
                                  "description" : "Comma-separated list of cfg settings to enable, or disable if prefixed with `-`. Can be repeated.\n",
                                  "type" : "array"
                                },
                                "logging" : {
                                  "title" : "Options pertaining to logging.",
                                  "description" : "Options pertaining to logging.",
                                  "type" : "object",
                                  "properties" : {
                                    "verbosity" : {
                                      "title" : "Extractor logging verbosity level.",
                                      "description" : "Controls the level of verbosity of the extractor. The supported levels are (in order of increasing verbosity):\n  - off\n  - errors\n  - warnings\n  - info or progress\n  - debug or progress+\n  - trace or progress++\n  - progress+++\n",
                                      "type" : "string",
                                      "pattern" : "^(off|errors|warnings|(info|progress)|(debug|progress\\+)|(trace|progress\\+\\+)|progress\\+\\+\\+)$"
                                    },
                                    "flamegraph" : {
                                      "title" : "[Experimental] File path for write flame graph log",
                                      "description" : "Collect flame graph data using the `tracing-flame` crate. To render a flame graph or chart, run the `inferno-flamegraph` command. See also: https://crates.io/crates/tracing-flame\n",
                                      "type" : "string"
                                    }
                                  }
                                },
                                "extract_dependencies_as_source" : {
                                  "title" : "Extract dependencies as source code",
                                  "description" : "Extract the full source code of dependencies instead of only extracting signatures.\n",
                                  "type" : "string",
                                  "pattern" : "^(false|true)$"
                                }
                              }
                            }
                          ],
                          "swift" : [
                            {
                              "extractor_root" : "/nix/store/8cdfj1mnxfx3qk63kbbqflzfl95kkd7p-codeql-2.25.4/codeql/swift"
                            }
                          ],
                          "xml" : [
                            {
                              "extractor_root" : "/nix/store/8cdfj1mnxfx3qk63kbbqflzfl95kkd7p-codeql-2.25.4/codeql/xml"
                            }
                          ],
                          "yaml" : [
                            {
                              "extractor_root" : "/nix/store/8cdfj1mnxfx3qk63kbbqflzfl95kkd7p-codeql-2.25.4/codeql/yaml"
                            }
                          ]
                        }
                      }
[2026-09-08 20:31:41] [SPAMMIER] database finalize> Loaded the following extractors: GitHub Actions, C/C++, C#, CSV, Go, HTML, Java/Kotlin, JavaScript/TypeScript, Java Properties Files, Python, Ruby, Rust, Swift, XML, YAML
[2026-09-08 20:31:41] [ERROR] database finalize> CodeQL detected code written in Java/Kotlin but could not process any of it. For more information, review our troubleshooting guide at https://gh.io/troubleshooting-code-scanning/no-source-code-seen-during-build.
[2026-09-08 20:31:41] Plumbing command codeql database finalize completed with status 32.
[2026-09-08 20:31:41] Exiting with code 32
