[2026-09-08 20:33:28] This is codeql execute queries -J-Xmx3378M --off-heap-ram=3778 --verbosity=progress --logdir=/home/nikita/StudioProjects/pam_bio/codeql-db/log --evaluator-log-level=5 --warnings=show --qlconfig-file=/home/nikita/StudioProjects/pam_bio/qlconfig.yml --dynamic-join-order-mode=none --no-rerun --interpret-passthrough=null,--format=sarif-latest,-o=/home/nikita/StudioProjects/pam_bio/results.sarif,--max-paths=4,--csv-location-format=line-column,--print-diagnostics-summary,--print-metrics-summary,--qlconfig-file=/home/nikita/StudioProjects/pam_bio/qlconfig.yml,--,/home/nikita/StudioProjects/pam_bio/codeql-db --output=/home/nikita/StudioProjects/pam_bio/codeql-db/results -- /home/nikita/StudioProjects/pam_bio/codeql-db/db-java codeql/java-queries
[2026-09-08 20:33:28] Calling plumbing command: codeql resolve queries --qlconfig-file=/home/nikita/StudioProjects/pam_bio/qlconfig.yml --format=json -- codeql/java-queries
[2026-09-08 20:33:29] Exception caught at top level: Query pack codeql/java-queries cannot be found. Check the spelling of the pack.
                      com.semmle.cli2.resolve.ResolveQueriesCommand.resolveQuerySpecifier(ResolveQueriesCommand.java:298)
                      com.semmle.cli2.resolve.ResolveQueriesCommand.executeJSON(ResolveQueriesCommand.java:211)
                      com.semmle.cli2.resolve.ResolveQueriesCommand.executeJSON(ResolveQueriesCommand.java:68)
                      com.semmle.cli2.picocli.SimpleJsonSubcommand.executeInsistingOnJSONWithExistingMessages(SimpleJsonSubcommand.java:121)
                      com.semmle.cli2.picocli.SubcommandCommon.withCompilationMessages(SubcommandCommon.java:444)
                      com.semmle.cli2.picocli.SimpleJsonSubcommand.executeInsistingOnJSON(SimpleJsonSubcommand.java:110)
                      com.semmle.cli2.picocli.PlumbingRunner.call(PlumbingRunner.java:61)
                      com.semmle.cli2.picocli.SubcommandCommon.callPlumbingInProcess(SubcommandCommon.java:170)
                      com.semmle.cli2.execute.ExecuteQueriesCommand.executeSubcommand(ExecuteQueriesCommand.java:438)
                      com.semmle.cli2.picocli.SubcommandCommon.lambda$executeSubcommandWithMessages$5(SubcommandCommon.java:886)
                      com.semmle.cli2.picocli.SubcommandCommon.withCompilationMessages(SubcommandCommon.java:444)
                      com.semmle.cli2.picocli.SubcommandCommon.executeSubcommandWithMessages(SubcommandCommon.java:884)
                      com.semmle.cli2.picocli.SubcommandCommon.toplevelMain(SubcommandCommon.java:777)
                      com.semmle.cli2.picocli.SubcommandCommon.call(SubcommandCommon.java:757)
                      com.semmle.cli2.picocli.SubcommandMaker.runMain(SubcommandMaker.java:238)
                      com.semmle.cli2.picocli.SubcommandMaker.runMain(SubcommandMaker.java:259)
                      com.semmle.cli2.CodeQL.main(CodeQL.java:113)
[2026-09-08 20:33:29] [SPAMMY] execute queries> Failed to write 1 diagnostics for execute queries since this subcommand could not determine its diagnostic directory.
